[2024-01-29T08:38:58.751+0000][49][info][gc,init] CardTable entry size: 512
[2024-01-29T08:38:58.752+0000][49][info][gc     ] Using G1
[2024-01-29T08:38:58.756+0000][49][info][gc,init] Version: 21.0.1+12-29 (release)
[2024-01-29T08:38:58.756+0000][49][info][gc,init] CPUs: 8 total, 8 available
[2024-01-29T08:38:58.757+0000][49][info][gc,init] Memory: 5252M
[2024-01-29T08:38:58.757+0000][49][info][gc,init] Large Page Support: Disabled
[2024-01-29T08:38:58.757+0000][49][info][gc,init] NUMA Support: Disabled
[2024-01-29T08:38:58.757+0000][49][info][gc,init] Compressed Oops: Enabled (32-bit)
[2024-01-29T08:38:58.757+0000][49][info][gc,init] Heap Region Size: 1M
[2024-01-29T08:38:58.758+0000][49][info][gc,init] Heap Min Capacity: 256M
[2024-01-29T08:38:58.758+0000][49][info][gc,init] Heap Initial Capacity: 256M
[2024-01-29T08:38:58.758+0000][49][info][gc,init] Heap Max Capacity: 256M
[2024-01-29T08:38:58.758+0000][49][info][gc,init] Pre-touch: Disabled
[2024-01-29T08:38:58.759+0000][49][info][gc,init] Parallel Workers: 8
[2024-01-29T08:38:58.759+0000][49][info][gc,init] Concurrent Workers: 2
[2024-01-29T08:38:58.759+0000][49][info][gc,init] Concurrent Refinement Workers: 8
[2024-01-29T08:38:58.759+0000][49][info][gc,init] Periodic GC: Disabled
[2024-01-29T08:38:58.776+0000][49][info][gc,metaspace] CDS archive(s) mapped at: [0x00007ff50b000000-0x00007ff50bca5000-0x00007ff50bca5000), size 13258752, SharedBaseAddress: 0x00007ff50b000000, ArchiveRelocationMode: 1.
[2024-01-29T08:38:58.776+0000][49][info][gc,metaspace] Compressed class space mapped at: 0x00007ff50c000000-0x00007ff54c000000, reserved size: 1073741824
[2024-01-29T08:38:58.777+0000][49][info][gc,metaspace] Narrow klass base: 0x00007ff50b000000, Narrow klass shift: 0, Narrow klass range: 0x100000000
[2024-01-29T08:38:58.932+0000][49][info][gc,heap,exit] Heap
[2024-01-29T08:38:58.932+0000][49][info][gc,heap,exit]  garbage-first heap   total 262144K, used 3021K [0x00000000f0000000, 0x0000000100000000)
[2024-01-29T08:38:58.933+0000][49][info][gc,heap,exit]   region size 1024K, 2 young (2048K), 0 survivors (0K)
[2024-01-29T08:38:58.933+0000][49][info][gc,heap,exit]  Metaspace       used 214K, committed 448K, reserved 1114112K
[2024-01-29T08:38:58.933+0000][49][info][gc,heap,exit]   class space    used 5K, committed 128K, reserved 1048576K
