[2024-01-29T08:38:59.027+0000][67][info][gc,init] CardTable entry size: 512
[2024-01-29T08:38:59.027+0000][67][info][gc     ] Using G1
[2024-01-29T08:38:59.096+0000][67][info][gc,init] Version: 21.0.1+12-29 (release)
[2024-01-29T08:38:59.097+0000][67][info][gc,init] CPUs: 8 total, 8 available
[2024-01-29T08:38:59.097+0000][67][info][gc,init] Memory: 5252M
[2024-01-29T08:38:59.098+0000][67][info][gc,init] Large Page Support: Disabled
[2024-01-29T08:38:59.098+0000][67][info][gc,init] NUMA Support: Disabled
[2024-01-29T08:38:59.098+0000][67][info][gc,init] Compressed Oops: Enabled (32-bit)
[2024-01-29T08:38:59.098+0000][67][info][gc,init] Heap Region Size: 4M
[2024-01-29T08:38:59.098+0000][67][info][gc,init] Heap Min Capacity: 256M
[2024-01-29T08:38:59.099+0000][67][info][gc,init] Heap Initial Capacity: 256M
[2024-01-29T08:38:59.099+0000][67][info][gc,init] Heap Max Capacity: 256M
[2024-01-29T08:38:59.099+0000][67][info][gc,init] Pre-touch: Enabled
[2024-01-29T08:38:59.099+0000][67][info][gc,init] Parallel Workers: 8
[2024-01-29T08:38:59.099+0000][67][info][gc,init] Concurrent Workers: 2
[2024-01-29T08:38:59.099+0000][67][info][gc,init] Concurrent Refinement Workers: 8
[2024-01-29T08:38:59.099+0000][67][info][gc,init] Periodic GC: Disabled
[2024-01-29T08:38:59.108+0000][67][info][gc,metaspace] CDS archive(s) mapped at: [0x00007f2503000000-0x00007f2503ca5000-0x00007f2503ca5000), size 13258752, SharedBaseAddress: 0x00007f2503000000, ArchiveRelocationMode: 1.
[2024-01-29T08:38:59.108+0000][67][info][gc,metaspace] Compressed class space mapped at: 0x00007f2504000000-0x00007f2544000000, reserved size: 1073741824
[2024-01-29T08:38:59.109+0000][67][info][gc,metaspace] Narrow klass base: 0x00007f2503000000, Narrow klass shift: 0, Narrow klass range: 0x100000000
[2024-01-29T08:38:59.431+0000][67][info][gc,start    ] GC(0) Pause Young (Normal) (G1 Evacuation Pause)
[2024-01-29T08:38:59.431+0000][67][info][gc,task     ] GC(0) Using 6 workers of 8 for evacuation
[2024-01-29T08:38:59.432+0000][67][debug][gc,age      ] GC(0) Desired survivor size 2097152 bytes, new threshold 15 (max threshold 15)
[2024-01-29T08:38:59.434+0000][67][info ][gc,phases   ] GC(0)   Pre Evacuate Collection Set: 0.3ms
[2024-01-29T08:38:59.434+0000][67][info ][gc,phases   ] GC(0)   Merge Heap Roots: 0.1ms
[2024-01-29T08:38:59.435+0000][67][info ][gc,phases   ] GC(0)   Evacuate Collection Set: 1.5ms
[2024-01-29T08:38:59.435+0000][67][info ][gc,phases   ] GC(0)   Post Evacuate Collection Set: 0.4ms
[2024-01-29T08:38:59.435+0000][67][info ][gc,phases   ] GC(0)   Other: 0.6ms
[2024-01-29T08:38:59.435+0000][67][trace][gc,age      ] GC(0) Age table with threshold 15 (max threshold 15)
[2024-01-29T08:38:59.436+0000][67][trace][gc,age      ] GC(0) - age   1:     534008 bytes,     534008 total
[2024-01-29T08:38:59.436+0000][67][info ][gc,heap     ] GC(0) Eden regions: 5->0(22)
[2024-01-29T08:38:59.436+0000][67][info ][gc,heap     ] GC(0) Survivor regions: 0->1(1)
[2024-01-29T08:38:59.437+0000][67][info ][gc,heap     ] GC(0) Old regions: 1->1
[2024-01-29T08:38:59.437+0000][67][info ][gc,heap     ] GC(0) Humongous regions: 0->0
[2024-01-29T08:38:59.437+0000][67][info ][gc,metaspace] GC(0) Metaspace: 804K(960K)->804K(960K) NonClass: 751K(832K)->751K(832K) Class: 53K(128K)->53K(128K)
[2024-01-29T08:38:59.437+0000][67][info ][gc          ] GC(0) Pause Young (Normal) (G1 Evacuation Pause) 21M->1M(256M) 6.394ms
[2024-01-29T08:38:59.438+0000][67][info ][gc,cpu      ] GC(0) User=0.01s Sys=0.00s Real=0.01s
[2024-01-29T08:38:59.438+0000][67][info ][safepoint   ] Safepoint "G1CollectForAllocation", Time since last: 314290305 ns, Reaching safepoint: 4686 ns, Cleanup: 50692 ns, At safepoint: 7030643 ns, Total: 7086021 ns
[2024-01-29T08:38:59.889+0000][67][info ][safepoint   ] Safepoint "ICBufferFull", Time since last: 450790013 ns, Reaching safepoint: 3394 ns, Cleanup: 111362 ns, At safepoint: 2528 ns, Total: 117284 ns
[2024-01-29T08:39:00.458+0000][67][info ][safepoint   ] Safepoint "ICBufferFull", Time since last: 569205720 ns, Reaching safepoint: 3058 ns, Cleanup: 77552 ns, At safepoint: 2779 ns, Total: 83389 ns
[2024-01-29T08:39:00.792+0000][67][info ][safepoint   ] Safepoint "ICBufferFull", Time since last: 333897051 ns, Reaching safepoint: 5151 ns, Cleanup: 99873 ns, At safepoint: 2048 ns, Total: 107072 ns
[2024-01-29T08:39:01.215+0000][67][info ][safepoint   ] Safepoint "ICBufferFull", Time since last: 422188726 ns, Reaching safepoint: 5349 ns, Cleanup: 88130 ns, At safepoint: 60136 ns, Total: 153615 ns
[2024-01-29T08:39:01.390+0000][67][info ][gc,start    ] GC(1) Pause Young (Normal) (G1 Evacuation Pause)
[2024-01-29T08:39:01.391+0000][67][info ][gc,task     ] GC(1) Using 6 workers of 8 for evacuation
[2024-01-29T08:39:01.391+0000][67][debug][gc,age      ] GC(1) Desired survivor size 6291456 bytes, new threshold 15 (max threshold 15)
[2024-01-29T08:39:01.400+0000][67][info ][gc,phases   ] GC(1)   Pre Evacuate Collection Set: 0.1ms
[2024-01-29T08:39:01.400+0000][67][info ][gc,phases   ] GC(1)   Merge Heap Roots: 0.0ms
[2024-01-29T08:39:01.400+0000][67][info ][gc,phases   ] GC(1)   Evacuate Collection Set: 7.4ms
[2024-01-29T08:39:01.401+0000][67][info ][gc,phases   ] GC(1)   Post Evacuate Collection Set: 1.5ms
[2024-01-29T08:39:01.401+0000][67][info ][gc,phases   ] GC(1)   Other: 0.3ms
[2024-01-29T08:39:01.401+0000][67][trace][gc,age      ] GC(1) Age table with threshold 15 (max threshold 15)
[2024-01-29T08:39:01.401+0000][67][trace][gc,age      ] GC(1) - age   1:    8236016 bytes,    8236016 total
[2024-01-29T08:39:01.401+0000][67][trace][gc,age      ] GC(1) - age   2:     491816 bytes,    8727832 total
[2024-01-29T08:39:01.402+0000][67][info ][gc,heap     ] GC(1) Eden regions: 22->0(23)
[2024-01-29T08:39:01.402+0000][67][info ][gc,heap     ] GC(1) Survivor regions: 1->3(3)
[2024-01-29T08:39:01.402+0000][67][info ][gc,heap     ] GC(1) Old regions: 1->1
[2024-01-29T08:39:01.402+0000][67][info ][gc,heap     ] GC(1) Humongous regions: 0->0
[2024-01-29T08:39:01.402+0000][67][info ][gc,metaspace] GC(1) Metaspace: 17686K(18176K)->17686K(18176K) NonClass: 15737K(16000K)->15737K(16000K) Class: 1948K(2176K)->1948K(2176K)
[2024-01-29T08:39:01.402+0000][67][info ][gc          ] GC(1) Pause Young (Normal) (G1 Evacuation Pause) 89M->9M(256M) 11.749ms
[2024-01-29T08:39:01.402+0000][67][info ][gc,cpu      ] GC(1) User=0.04s Sys=0.00s Real=0.01s
[2024-01-29T08:39:01.403+0000][67][info ][safepoint   ] Safepoint "G1CollectForAllocation", Time since last: 175746278 ns, Reaching safepoint: 4652 ns, Cleanup: 76695 ns, At safepoint: 12199074 ns, Total: 12280421 ns
[2024-01-29T08:39:01.941+0000][67][info ][safepoint   ] Safepoint "ICBufferFull", Time since last: 538121753 ns, Reaching safepoint: 4544 ns, Cleanup: 82325 ns, At safepoint: 1890 ns, Total: 88759 ns
[2024-01-29T08:39:02.152+0000][67][info ][gc,start    ] GC(2) Pause Young (Normal) (G1 Evacuation Pause)
[2024-01-29T08:39:02.152+0000][67][info ][gc,task     ] GC(2) Using 6 workers of 8 for evacuation
[2024-01-29T08:39:02.152+0000][67][debug][gc,age      ] GC(2) Desired survivor size 8388608 bytes, new threshold 2 (max threshold 15)
[2024-01-29T08:39:02.161+0000][67][info ][gc,phases   ] GC(2)   Pre Evacuate Collection Set: 0.3ms
[2024-01-29T08:39:02.161+0000][67][info ][gc,phases   ] GC(2)   Merge Heap Roots: 0.0ms
[2024-01-29T08:39:02.161+0000][67][info ][gc,phases   ] GC(2)   Evacuate Collection Set: 5.7ms
[2024-01-29T08:39:02.161+0000][67][info ][gc,phases   ] GC(2)   Post Evacuate Collection Set: 2.1ms
[2024-01-29T08:39:02.161+0000][67][info ][gc,phases   ] GC(2)   Other: 0.4ms
[2024-01-29T08:39:02.161+0000][67][trace][gc,age      ] GC(2) Age table with threshold 2 (max threshold 15)
[2024-01-29T08:39:02.162+0000][67][trace][gc,age      ] GC(2) - age   1:    1563632 bytes,    1563632 total
[2024-01-29T08:39:02.162+0000][67][trace][gc,age      ] GC(2) - age   2:    7295976 bytes,    8859608 total
[2024-01-29T08:39:02.162+0000][67][info ][gc,heap     ] GC(2) Eden regions: 23->0(35)
[2024-01-29T08:39:02.162+0000][67][info ][gc,heap     ] GC(2) Survivor regions: 3->3(4)
[2024-01-29T08:39:02.162+0000][67][info ][gc,heap     ] GC(2) Old regions: 1->2
[2024-01-29T08:39:02.162+0000][67][info ][gc,heap     ] GC(2) Humongous regions: 0->0
[2024-01-29T08:39:02.163+0000][67][info ][gc,metaspace] GC(2) Metaspace: 19710K(20160K)->19710K(20160K) NonClass: 17544K(17792K)->17544K(17792K) Class: 2166K(2368K)->2166K(2368K)
[2024-01-29T08:39:02.163+0000][67][info ][gc          ] GC(2) Pause Young (Normal) (G1 Evacuation Pause) 101M->10M(256M) 10.977ms
[2024-01-29T08:39:02.163+0000][67][info ][gc,cpu      ] GC(2) User=0.04s Sys=0.00s Real=0.01s
[2024-01-29T08:39:02.163+0000][67][info ][safepoint   ] Safepoint "G1CollectForAllocation", Time since last: 210983287 ns, Reaching safepoint: 3774 ns, Cleanup: 23558 ns, At safepoint: 11423625 ns, Total: 11450957 ns
[2024-01-29T08:39:02.373+0000][67][info ][gc,start    ] GC(3) Pause Young (Concurrent Start) (Metadata GC Threshold)
[2024-01-29T08:39:02.373+0000][67][info ][gc,task     ] GC(3) Using 6 workers of 8 for evacuation
[2024-01-29T08:39:02.373+0000][67][debug][gc,age      ] GC(3) Desired survivor size 10485760 bytes, new threshold 15 (max threshold 15)
[2024-01-29T08:39:02.386+0000][67][info ][gc,phases   ] GC(3)   Pre Evacuate Collection Set: 0.2ms
[2024-01-29T08:39:02.386+0000][67][info ][gc,phases   ] GC(3)   Merge Heap Roots: 0.0ms
[2024-01-29T08:39:02.386+0000][67][info ][gc,phases   ] GC(3)   Evacuate Collection Set: 11.8ms
[2024-01-29T08:39:02.386+0000][67][info ][gc,phases   ] GC(3)   Post Evacuate Collection Set: 0.6ms
[2024-01-29T08:39:02.386+0000][67][info ][gc,phases   ] GC(3)   Other: 0.3ms
[2024-01-29T08:39:02.386+0000][67][trace][gc,age      ] GC(3) Age table with threshold 15 (max threshold 15)
[2024-01-29T08:39:02.386+0000][67][trace][gc,age      ] GC(3) - age   1:    2040424 bytes,    2040424 total
[2024-01-29T08:39:02.387+0000][67][trace][gc,age      ] GC(3) - age   2:    1524600 bytes,    3565024 total
[2024-01-29T08:39:02.387+0000][67][trace][gc,age      ] GC(3) - age   3:    7292776 bytes,   10857800 total
[2024-01-29T08:39:02.387+0000][67][info ][gc,heap     ] GC(3) Eden regions: 21->0(35)
[2024-01-29T08:39:02.387+0000][67][info ][gc,heap     ] GC(3) Survivor regions: 3->3(5)
[2024-01-29T08:39:02.387+0000][67][info ][gc,heap     ] GC(3) Old regions: 2->2
[2024-01-29T08:39:02.387+0000][67][info ][gc,heap     ] GC(3) Humongous regions: 0->0
[2024-01-29T08:39:02.387+0000][67][info ][gc,metaspace] GC(3) Metaspace: 20983K(21504K)->20983K(21504K) NonClass: 18715K(19008K)->18715K(19008K) Class: 2268K(2496K)->2268K(2496K)
[2024-01-29T08:39:02.387+0000][67][info ][gc          ] GC(3) Pause Young (Concurrent Start) (Metadata GC Threshold) 92M->12M(256M) 14.636ms
[2024-01-29T08:39:02.387+0000][67][info ][gc,cpu      ] GC(3) User=0.03s Sys=0.01s Real=0.02s
[2024-01-29T08:39:02.388+0000][67][info ][safepoint   ] Safepoint "CollectForMetadataAllocation", Time since last: 209299600 ns, Reaching safepoint: 2782 ns, Cleanup: 48160 ns, At safepoint: 14982285 ns, Total: 15033227 ns
[2024-01-29T08:39:02.387+0000][67][info ][gc          ] GC(4) Concurrent Mark Cycle
[2024-01-29T08:39:02.388+0000][67][info ][gc,marking  ] GC(4) Concurrent Scan Root Regions
[2024-01-29T08:39:02.391+0000][67][info ][gc,marking  ] GC(4) Concurrent Scan Root Regions 3.604ms
[2024-01-29T08:39:02.392+0000][67][info ][gc,marking  ] GC(4) Concurrent Mark
[2024-01-29T08:39:02.392+0000][67][info ][gc,marking  ] GC(4) Concurrent Mark From Roots
[2024-01-29T08:39:02.392+0000][67][info ][gc,task     ] GC(4) Using 2 workers of 2 for marking
[2024-01-29T08:39:02.394+0000][67][info ][gc,marking  ] GC(4) Concurrent Mark From Roots 2.485ms
[2024-01-29T08:39:02.394+0000][67][info ][gc,marking  ] GC(4) Concurrent Preclean
[2024-01-29T08:39:02.394+0000][67][info ][gc,marking  ] GC(4) Concurrent Preclean 0.114ms
[2024-01-29T08:39:02.395+0000][67][info ][gc,start    ] GC(4) Pause Remark
[2024-01-29T08:39:02.399+0000][67][info ][gc          ] GC(4) Pause Remark 14M->14M(256M) 3.549ms
[2024-01-29T08:39:02.399+0000][67][info ][gc,cpu      ] GC(4) User=0.01s Sys=0.00s Real=0.01s
[2024-01-29T08:39:02.399+0000][67][info ][safepoint   ] Safepoint "G1PauseRemark", Time since last: 6944709 ns, Reaching safepoint: 474384 ns, Cleanup: 2905 ns, At safepoint: 3903052 ns, Total: 4380341 ns
[2024-01-29T08:39:02.399+0000][67][info ][gc,marking  ] GC(4) Concurrent Mark 7.592ms
[2024-01-29T08:39:02.399+0000][67][info ][gc,marking  ] GC(4) Concurrent Rebuild Remembered Sets and Scrub Regions
[2024-01-29T08:39:02.401+0000][67][info ][gc,marking  ] GC(4) Concurrent Rebuild Remembered Sets and Scrub Regions 1.225ms
[2024-01-29T08:39:02.401+0000][67][info ][gc,start    ] GC(4) Pause Cleanup
[2024-01-29T08:39:02.401+0000][67][info ][gc          ] GC(4) Pause Cleanup 14M->14M(256M) 0.228ms
[2024-01-29T08:39:02.401+0000][67][info ][gc,cpu      ] GC(4) User=0.00s Sys=0.00s Real=0.00s
[2024-01-29T08:39:02.402+0000][67][info ][safepoint   ] Safepoint "G1PauseCleanup", Time since last: 1716886 ns, Reaching safepoint: 383430 ns, Cleanup: 2955 ns, At safepoint: 667691 ns, Total: 1054076 ns
[2024-01-29T08:39:02.402+0000][67][info ][gc,marking  ] GC(4) Concurrent Clear Claimed Marks
[2024-01-29T08:39:02.402+0000][67][info ][gc,marking  ] GC(4) Concurrent Clear Claimed Marks 0.200ms
[2024-01-29T08:39:02.402+0000][67][info ][gc,marking  ] GC(4) Concurrent Cleanup for Next Mark
[2024-01-29T08:39:02.403+0000][67][info ][gc,marking  ] GC(4) Concurrent Cleanup for Next Mark 0.525ms
[2024-01-29T08:39:02.403+0000][67][info ][gc          ] GC(4) Concurrent Mark Cycle 15.575ms
[2024-01-29T08:39:02.946+0000][67][info ][safepoint   ] Safepoint "ICBufferFull", Time since last: 544108527 ns, Reaching safepoint: 3690 ns, Cleanup: 113563 ns, At safepoint: 2355 ns, Total: 119608 ns
[2024-01-29T08:39:03.112+0000][67][info ][gc,start    ] GC(5) Pause Young (Prepare Mixed) (G1 Evacuation Pause)
[2024-01-29T08:39:03.112+0000][67][info ][gc,task     ] GC(5) Using 6 workers of 8 for evacuation
[2024-01-29T08:39:03.112+0000][67][debug][gc,age      ] GC(5) Desired survivor size 10485760 bytes, new threshold 3 (max threshold 15)
[2024-01-29T08:39:03.131+0000][67][info ][gc,phases   ] GC(5)   Pre Evacuate Collection Set: 0.2ms
[2024-01-29T08:39:03.132+0000][67][info ][gc,phases   ] GC(5)   Merge Heap Roots: 0.1ms
[2024-01-29T08:39:03.132+0000][67][info ][gc,phases   ] GC(5)   Evacuate Collection Set: 17.6ms
[2024-01-29T08:39:03.132+0000][67][info ][gc,phases   ] GC(5)   Post Evacuate Collection Set: 1.1ms
[2024-01-29T08:39:03.132+0000][67][info ][gc,phases   ] GC(5)   Other: 0.3ms
[2024-01-29T08:39:03.132+0000][67][trace][gc,age      ] GC(5) Age table with threshold 3 (max threshold 15)
[2024-01-29T08:39:03.132+0000][67][trace][gc,age      ] GC(5) - age   1:    6822720 bytes,    6822720 total
[2024-01-29T08:39:03.133+0000][67][trace][gc,age      ] GC(5) - age   2:    1971304 bytes,    8794024 total
[2024-01-29T08:39:03.133+0000][67][trace][gc,age      ] GC(5) - age   3:    1524168 bytes,   10318192 total
[2024-01-29T08:39:03.133+0000][67][info ][gc,heap     ] GC(5) Eden regions: 35->0(35)
[2024-01-29T08:39:03.133+0000][67][info ][gc,heap     ] GC(5) Survivor regions: 3->3(5)
[2024-01-29T08:39:03.133+0000][67][info ][gc,heap     ] GC(5) Old regions: 2->3
[2024-01-29T08:39:03.133+0000][67][info ][gc,heap     ] GC(5) Humongous regions: 0->0
[2024-01-29T08:39:03.133+0000][67][info ][gc,metaspace] GC(5) Metaspace: 26443K(27008K)->26443K(27008K) NonClass: 23471K(23808K)->23471K(23808K) Class: 2972K(3200K)->2972K(3200K)
[2024-01-29T08:39:03.133+0000][67][info ][gc          ] GC(5) Pause Young (Prepare Mixed) (G1 Evacuation Pause) 152M->20M(256M) 21.386ms
[2024-01-29T08:39:03.133+0000][67][info ][gc,cpu      ] GC(5) User=0.06s Sys=0.00s Real=0.02s
[2024-01-29T08:39:03.134+0000][67][info ][safepoint   ] Safepoint "G1CollectForAllocation", Time since last: 165978276 ns, Reaching safepoint: 4877 ns, Cleanup: 21298 ns, At safepoint: 21672663 ns, Total: 21698838 ns
[2024-01-29T08:39:03.455+0000][67][info ][gc,start    ] GC(6) Pause Young (Mixed) (G1 Evacuation Pause)
[2024-01-29T08:39:03.455+0000][67][info ][gc,task     ] GC(6) Using 6 workers of 8 for evacuation
[2024-01-29T08:39:03.456+0000][67][debug][gc,age      ] GC(6) Desired survivor size 10485760 bytes, new threshold 15 (max threshold 15)
[2024-01-29T08:39:03.466+0000][67][info ][gc,phases   ] GC(6)   Pre Evacuate Collection Set: 0.1ms
[2024-01-29T08:39:03.466+0000][67][info ][gc,phases   ] GC(6)   Merge Heap Roots: 0.1ms
[2024-01-29T08:39:03.466+0000][67][info ][gc,phases   ] GC(6)   Evacuate Collection Set: 8.9ms
[2024-01-29T08:39:03.466+0000][67][info ][gc,phases   ] GC(6)   Post Evacuate Collection Set: 0.8ms
[2024-01-29T08:39:03.466+0000][67][info ][gc,phases   ] GC(6)   Other: 0.5ms
[2024-01-29T08:39:03.467+0000][67][trace][gc,age      ] GC(6) Age table with threshold 15 (max threshold 15)
[2024-01-29T08:39:03.467+0000][67][trace][gc,age      ] GC(6) - age   1:    3502256 bytes,    3502256 total
[2024-01-29T08:39:03.467+0000][67][trace][gc,age      ] GC(6) - age   2:    4208264 bytes,    7710520 total
[2024-01-29T08:39:03.467+0000][67][trace][gc,age      ] GC(6) - age   3:    1970904 bytes,    9681424 total
[2024-01-29T08:39:03.467+0000][67][trace][gc,age      ] GC(6) - age   4:    1524056 bytes,   11205480 total
[2024-01-29T08:39:03.467+0000][67][info ][gc,heap     ] GC(6) Eden regions: 35->0(35)
[2024-01-29T08:39:03.467+0000][67][info ][gc,heap     ] GC(6) Survivor regions: 3->3(5)
[2024-01-29T08:39:03.467+0000][67][info ][gc,heap     ] GC(6) Old regions: 3->3
[2024-01-29T08:39:03.467+0000][67][info ][gc,heap     ] GC(6) Humongous regions: 0->0
[2024-01-29T08:39:03.467+0000][67][info ][gc,metaspace] GC(6) Metaspace: 27423K(28032K)->27423K(28032K) NonClass: 24310K(24640K)->24310K(24640K) Class: 3112K(3392K)->3112K(3392K)
[2024-01-29T08:39:03.467+0000][67][info ][gc          ] GC(6) Pause Young (Mixed) (G1 Evacuation Pause) 160M->20M(256M) 12.227ms
[2024-01-29T08:39:03.468+0000][67][info ][gc,cpu      ] GC(6) User=0.03s Sys=0.01s Real=0.02s
[2024-01-29T08:39:03.468+0000][67][info ][safepoint   ] Safepoint "G1CollectForAllocation", Time since last: 321523638 ns, Reaching safepoint: 5774 ns, Cleanup: 108132 ns, At safepoint: 12509991 ns, Total: 12623897 ns
[2024-01-29T08:39:03.682+0000][67][info ][gc,start    ] GC(7) Pause Young (Normal) (G1 Evacuation Pause)
[2024-01-29T08:39:03.682+0000][67][info ][gc,task     ] GC(7) Using 6 workers of 8 for evacuation
[2024-01-29T08:39:03.682+0000][67][debug][gc,age      ] GC(7) Desired survivor size 10485760 bytes, new threshold 4 (max threshold 15)
[2024-01-29T08:39:03.688+0000][67][info ][gc,phases   ] GC(7)   Pre Evacuate Collection Set: 0.1ms
[2024-01-29T08:39:03.688+0000][67][info ][gc,phases   ] GC(7)   Merge Heap Roots: 0.1ms
[2024-01-29T08:39:03.688+0000][67][info ][gc,phases   ] GC(7)   Evacuate Collection Set: 4.2ms
[2024-01-29T08:39:03.688+0000][67][info ][gc,phases   ] GC(7)   Post Evacuate Collection Set: 0.7ms
[2024-01-29T08:39:03.688+0000][67][info ][gc,phases   ] GC(7)   Other: 0.4ms
[2024-01-29T08:39:03.688+0000][67][trace][gc,age      ] GC(7) Age table with threshold 4 (max threshold 15)
[2024-01-29T08:39:03.689+0000][67][trace][gc,age      ] GC(7) - age   1:    2122520 bytes,    2122520 total
[2024-01-29T08:39:03.689+0000][67][trace][gc,age      ] GC(7) - age   2:    2737528 bytes,    4860048 total
[2024-01-29T08:39:03.689+0000][67][trace][gc,age      ] GC(7) - age   3:    4208008 bytes,    9068056 total
[2024-01-29T08:39:03.689+0000][67][trace][gc,age      ] GC(7) - age   4:    1970616 bytes,   11038672 total
[2024-01-29T08:39:03.689+0000][67][info ][gc,heap     ] GC(7) Eden regions: 35->0(35)
[2024-01-29T08:39:03.689+0000][67][info ][gc,heap     ] GC(7) Survivor regions: 3->3(5)
[2024-01-29T08:39:03.689+0000][67][info ][gc,heap     ] GC(7) Old regions: 3->3
[2024-01-29T08:39:03.689+0000][67][info ][gc,heap     ] GC(7) Humongous regions: 0->0
[2024-01-29T08:39:03.689+0000][67][info ][gc,metaspace] GC(7) Metaspace: 27791K(28608K)->27791K(28608K) NonClass: 24636K(25088K)->24636K(25088K) Class: 3154K(3520K)->3154K(3520K)
[2024-01-29T08:39:03.689+0000][67][info ][gc          ] GC(7) Pause Young (Normal) (G1 Evacuation Pause) 160M->22M(256M) 7.500ms
[2024-01-29T08:39:03.690+0000][67][info ][gc,cpu      ] GC(7) User=0.02s Sys=0.00s Real=0.01s
[2024-01-29T08:39:03.690+0000][67][info ][safepoint   ] Safepoint "G1CollectForAllocation", Time since last: 214119693 ns, Reaching safepoint: 4473 ns, Cleanup: 38711 ns, At safepoint: 7785831 ns, Total: 7829015 ns
[2024-01-29T08:39:03.883+0000][67][info ][gc,start    ] GC(8) Pause Young (Normal) (G1 Evacuation Pause)
[2024-01-29T08:39:03.884+0000][67][info ][gc,task     ] GC(8) Using 6 workers of 8 for evacuation
[2024-01-29T08:39:03.884+0000][67][debug][gc,age      ] GC(8) Desired survivor size 10485760 bytes, new threshold 4 (max threshold 15)
[2024-01-29T08:39:03.890+0000][67][info ][gc,phases   ] GC(8)   Pre Evacuate Collection Set: 0.1ms
[2024-01-29T08:39:03.890+0000][67][info ][gc,phases   ] GC(8)   Merge Heap Roots: 0.0ms
[2024-01-29T08:39:03.890+0000][67][info ][gc,phases   ] GC(8)   Evacuate Collection Set: 4.8ms
[2024-01-29T08:39:03.890+0000][67][info ][gc,phases   ] GC(8)   Post Evacuate Collection Set: 0.6ms
[2024-01-29T08:39:03.890+0000][67][info ][gc,phases   ] GC(8)   Other: 0.4ms
[2024-01-29T08:39:03.890+0000][67][trace][gc,age      ] GC(8) Age table with threshold 4 (max threshold 15)
[2024-01-29T08:39:03.890+0000][67][trace][gc,age      ] GC(8) - age   1:    1599280 bytes,    1599280 total
[2024-01-29T08:39:03.890+0000][67][trace][gc,age      ] GC(8) - age   2:    1700696 bytes,    3299976 total
[2024-01-29T08:39:03.891+0000][67][trace][gc,age      ] GC(8) - age   3:    2737496 bytes,    6037472 total
[2024-01-29T08:39:03.891+0000][67][trace][gc,age      ] GC(8) - age   4:    4208008 bytes,   10245480 total
[2024-01-29T08:39:03.891+0000][67][info ][gc,heap     ] GC(8) Eden regions: 35->0(35)
[2024-01-29T08:39:03.891+0000][67][info ][gc,heap     ] GC(8) Survivor regions: 3->3(5)
[2024-01-29T08:39:03.891+0000][67][info ][gc,heap     ] GC(8) Old regions: 3->4
[2024-01-29T08:39:03.891+0000][67][info ][gc,heap     ] GC(8) Humongous regions: 0->0
[2024-01-29T08:39:03.891+0000][67][info ][gc,metaspace] GC(8) Metaspace: 28038K(28800K)->28038K(28800K) NonClass: 24842K(25280K)->24842K(25280K) Class: 3195K(3520K)->3195K(3520K)
[2024-01-29T08:39:03.891+0000][67][info ][gc          ] GC(8) Pause Young (Normal) (G1 Evacuation Pause) 162M->23M(256M) 7.900ms
[2024-01-29T08:39:03.892+0000][67][info ][gc,cpu      ] GC(8) User=0.03s Sys=0.00s Real=0.01s
[2024-01-29T08:39:03.892+0000][67][info ][safepoint   ] Safepoint "G1CollectForAllocation", Time since last: 193685159 ns, Reaching safepoint: 4077 ns, Cleanup: 22568 ns, At safepoint: 8285478 ns, Total: 8312123 ns
[2024-01-29T08:39:04.548+0000][67][info ][gc,start    ] GC(9) Pause Young (Normal) (G1 Evacuation Pause)
[2024-01-29T08:39:04.548+0000][67][info ][gc,task     ] GC(9) Using 6 workers of 8 for evacuation
[2024-01-29T08:39:04.548+0000][67][debug][gc,age      ] GC(9) Desired survivor size 10485760 bytes, new threshold 15 (max threshold 15)
[2024-01-29T08:39:04.556+0000][67][info ][gc,phases   ] GC(9)   Pre Evacuate Collection Set: 0.2ms
[2024-01-29T08:39:04.556+0000][67][info ][gc,phases   ] GC(9)   Merge Heap Roots: 0.0ms
[2024-01-29T08:39:04.556+0000][67][info ][gc,phases   ] GC(9)   Evacuate Collection Set: 6.3ms
[2024-01-29T08:39:04.556+0000][67][info ][gc,phases   ] GC(9)   Post Evacuate Collection Set: 0.6ms
[2024-01-29T08:39:04.556+0000][67][info ][gc,phases   ] GC(9)   Other: 0.3ms
[2024-01-29T08:39:04.556+0000][67][trace][gc,age      ] GC(9) Age table with threshold 15 (max threshold 15)
[2024-01-29T08:39:04.557+0000][67][trace][gc,age      ] GC(9) - age   1:    5158552 bytes,    5158552 total
[2024-01-29T08:39:04.557+0000][67][trace][gc,age      ] GC(9) - age   2:     514184 bytes,    5672736 total
[2024-01-29T08:39:04.557+0000][67][trace][gc,age      ] GC(9) - age   3:    1700664 bytes,    7373400 total
[2024-01-29T08:39:04.557+0000][67][trace][gc,age      ] GC(9) - age   4:    2737240 bytes,   10110640 total
[2024-01-29T08:39:04.557+0000][67][trace][gc,age      ] GC(9) - age   5:    4204456 bytes,   14315096 total
[2024-01-29T08:39:04.557+0000][67][info ][gc,heap     ] GC(9) Eden regions: 35->0(34)
[2024-01-29T08:39:04.557+0000][67][info ][gc,heap     ] GC(9) Survivor regions: 3->4(5)
[2024-01-29T08:39:04.557+0000][67][info ][gc,heap     ] GC(9) Old regions: 4->4
[2024-01-29T08:39:04.557+0000][67][info ][gc,heap     ] GC(9) Humongous regions: 0->0
[2024-01-29T08:39:04.557+0000][67][info ][gc,metaspace] GC(9) Metaspace: 33696K(34496K)->33696K(34496K) NonClass: 29880K(30336K)->29880K(30336K) Class: 3815K(4160K)->3815K(4160K)
[2024-01-29T08:39:04.558+0000][67][info ][gc          ] GC(9) Pause Young (Normal) (G1 Evacuation Pause) 163M->27M(256M) 9.678ms
[2024-01-29T08:39:04.558+0000][67][info ][gc,cpu      ] GC(9) User=0.02s Sys=0.00s Real=0.01s
[2024-01-29T08:39:04.558+0000][67][info ][safepoint   ] Safepoint "G1CollectForAllocation", Time since last: 656063412 ns, Reaching safepoint: 5235 ns, Cleanup: 92614 ns, At safepoint: 10038087 ns, Total: 10135936 ns
[2024-01-29T08:39:04.767+0000][67][info ][gc,start    ] GC(10) Pause Young (Normal) (G1 Evacuation Pause)
[2024-01-29T08:39:04.767+0000][67][info ][gc,task     ] GC(10) Using 6 workers of 8 for evacuation
[2024-01-29T08:39:04.767+0000][67][debug][gc,age      ] GC(10) Desired survivor size 10485760 bytes, new threshold 5 (max threshold 15)
[2024-01-29T08:39:04.776+0000][67][info ][gc,phases   ] GC(10)   Pre Evacuate Collection Set: 0.2ms
[2024-01-29T08:39:04.777+0000][67][info ][gc,phases   ] GC(10)   Merge Heap Roots: 0.0ms
[2024-01-29T08:39:04.777+0000][67][info ][gc,phases   ] GC(10)   Evacuate Collection Set: 8.5ms
[2024-01-29T08:39:04.777+0000][67][info ][gc,phases   ] GC(10)   Post Evacuate Collection Set: 0.6ms
[2024-01-29T08:39:04.777+0000][67][info ][gc,phases   ] GC(10)   Other: 0.3ms
[2024-01-29T08:39:04.777+0000][67][trace][gc,age      ] GC(10) Age table with threshold 5 (max threshold 15)
[2024-01-29T08:39:04.777+0000][67][trace][gc,age      ] GC(10) - age   1:     619680 bytes,     619680 total
[2024-01-29T08:39:04.777+0000][67][trace][gc,age      ] GC(10) - age   2:    5140000 bytes,    5759680 total
[2024-01-29T08:39:04.777+0000][67][trace][gc,age      ] GC(10) - age   3:     514152 bytes,    6273832 total
[2024-01-29T08:39:04.778+0000][67][trace][gc,age      ] GC(10) - age   4:    1700120 bytes,    7973952 total
[2024-01-29T08:39:04.778+0000][67][trace][gc,age      ] GC(10) - age   5:    2737240 bytes,   10711192 total
[2024-01-29T08:39:04.778+0000][67][info ][gc,heap     ] GC(10) Eden regions: 34->0(35)
[2024-01-29T08:39:04.778+0000][67][info ][gc,heap     ] GC(10) Survivor regions: 4->3(5)
[2024-01-29T08:39:04.778+0000][67][info ][gc,heap     ] GC(10) Old regions: 4->5
[2024-01-29T08:39:04.778+0000][67][info ][gc,heap     ] GC(10) Humongous regions: 0->0
[2024-01-29T08:39:04.778+0000][67][info ][gc,metaspace] GC(10) Metaspace: 33835K(34688K)->33835K(34688K) NonClass: 29999K(30464K)->29999K(30464K) Class: 3836K(4224K)->3836K(4224K)
[2024-01-29T08:39:04.778+0000][67][info ][gc          ] GC(10) Pause Young (Normal) (G1 Evacuation Pause) 163M->28M(256M) 11.754ms
[2024-01-29T08:39:04.778+0000][67][info ][gc,cpu      ] GC(10) User=0.03s Sys=0.00s Real=0.01s
[2024-01-29T08:39:04.779+0000][67][info ][safepoint   ] Safepoint "G1CollectForAllocation", Time since last: 208702955 ns, Reaching safepoint: 4733 ns, Cleanup: 17941 ns, At safepoint: 12035800 ns, Total: 12058474 ns
[2024-01-29T08:39:05.113+0000][67][info ][gc,start    ] GC(11) Pause Young (Concurrent Start) (Metadata GC Threshold)
[2024-01-29T08:39:05.113+0000][67][info ][gc,task     ] GC(11) Using 6 workers of 8 for evacuation
[2024-01-29T08:39:05.113+0000][67][debug][gc,age      ] GC(11) Desired survivor size 10485760 bytes, new threshold 5 (max threshold 15)
[2024-01-29T08:39:05.120+0000][67][info ][gc,phases   ] GC(11)   Pre Evacuate Collection Set: 0.2ms
[2024-01-29T08:39:05.120+0000][67][info ][gc,phases   ] GC(11)   Merge Heap Roots: 0.1ms
[2024-01-29T08:39:05.120+0000][67][info ][gc,phases   ] GC(11)   Evacuate Collection Set: 5.6ms
[2024-01-29T08:39:05.120+0000][67][info ][gc,phases   ] GC(11)   Post Evacuate Collection Set: 0.5ms
[2024-01-29T08:39:05.120+0000][67][info ][gc,phases   ] GC(11)   Other: 0.4ms
[2024-01-29T08:39:05.120+0000][67][trace][gc,age      ] GC(11) Age table with threshold 5 (max threshold 15)
[2024-01-29T08:39:05.121+0000][67][trace][gc,age      ] GC(11) - age   1:    3133416 bytes,    3133416 total
[2024-01-29T08:39:05.121+0000][67][trace][gc,age      ] GC(11) - age   2:     510080 bytes,    3643496 total
[2024-01-29T08:39:05.121+0000][67][trace][gc,age      ] GC(11) - age   3:    5139840 bytes,    8783336 total
[2024-01-29T08:39:05.121+0000][67][trace][gc,age      ] GC(11) - age   4:     514152 bytes,    9297488 total
[2024-01-29T08:39:05.121+0000][67][trace][gc,age      ] GC(11) - age   5:    1699328 bytes,   10996816 total
[2024-01-29T08:39:05.121+0000][67][info ][gc,heap     ] GC(11) Eden regions: 29->0(35)
[2024-01-29T08:39:05.122+0000][67][info ][gc,heap     ] GC(11) Survivor regions: 3->3(5)
[2024-01-29T08:39:05.122+0000][67][info ][gc,heap     ] GC(11) Old regions: 5->5
[2024-01-29T08:39:05.122+0000][67][info ][gc,heap     ] GC(11) Humongous regions: 0->0
[2024-01-29T08:39:05.122+0000][67][info ][gc,metaspace] GC(11) Metaspace: 35300K(36160K)->35300K(36160K) NonClass: 31281K(31808K)->31281K(31808K) Class: 4019K(4352K)->4019K(4352K)
[2024-01-29T08:39:05.122+0000][67][info ][gc          ] GC(11) Pause Young (Concurrent Start) (Metadata GC Threshold) 144M->31M(256M) 9.271ms
[2024-01-29T08:39:05.122+0000][67][info ][gc,cpu      ] GC(11) User=0.03s Sys=0.00s Real=0.01s
[2024-01-29T08:39:05.123+0000][67][info ][safepoint   ] Safepoint "CollectForMetadataAllocation", Time since last: 334090442 ns, Reaching safepoint: 3308 ns, Cleanup: 31487 ns, At safepoint: 9775695 ns, Total: 9810490 ns
[2024-01-29T08:39:05.124+0000][67][info ][gc          ] GC(12) Concurrent Mark Cycle
[2024-01-29T08:39:05.124+0000][67][info ][gc,marking  ] GC(12) Concurrent Scan Root Regions
[2024-01-29T08:39:05.127+0000][67][info ][gc,marking  ] GC(12) Concurrent Scan Root Regions 2.963ms
[2024-01-29T08:39:05.127+0000][67][info ][gc,marking  ] GC(12) Concurrent Mark
[2024-01-29T08:39:05.127+0000][67][info ][gc,marking  ] GC(12) Concurrent Mark From Roots
[2024-01-29T08:39:05.128+0000][67][info ][gc,task     ] GC(12) Using 2 workers of 2 for marking
[2024-01-29T08:39:05.144+0000][67][info ][gc,marking  ] GC(12) Concurrent Mark From Roots 16.705ms
[2024-01-29T08:39:05.144+0000][67][info ][gc,marking  ] GC(12) Concurrent Preclean
[2024-01-29T08:39:05.145+0000][67][info ][gc,marking  ] GC(12) Concurrent Preclean 0.252ms
[2024-01-29T08:39:05.147+0000][67][info ][gc,start    ] GC(12) Pause Remark
[2024-01-29T08:39:05.158+0000][67][info ][gc          ] GC(12) Pause Remark 45M->45M(256M) 10.297ms
[2024-01-29T08:39:05.158+0000][67][info ][gc,cpu      ] GC(12) User=0.03s Sys=0.00s Real=0.01s
[2024-01-29T08:39:05.158+0000][67][info ][safepoint   ] Safepoint "G1PauseRemark", Time since last: 22141749 ns, Reaching safepoint: 2780207 ns, Cleanup: 4661 ns, At safepoint: 10637543 ns, Total: 13422411 ns
[2024-01-29T08:39:05.159+0000][67][info ][gc,marking  ] GC(12) Concurrent Mark 32.072ms
[2024-01-29T08:39:05.159+0000][67][info ][gc,marking  ] GC(12) Concurrent Rebuild Remembered Sets and Scrub Regions
[2024-01-29T08:39:05.168+0000][67][info ][gc,marking  ] GC(12) Concurrent Rebuild Remembered Sets and Scrub Regions 8.337ms
[2024-01-29T08:39:05.168+0000][67][info ][gc,start    ] GC(12) Pause Cleanup
[2024-01-29T08:39:05.168+0000][67][info ][gc          ] GC(12) Pause Cleanup 49M->49M(256M) 0.233ms
[2024-01-29T08:39:05.168+0000][67][info ][gc,cpu      ] GC(12) User=0.00s Sys=0.00s Real=0.00s
[2024-01-29T08:39:05.169+0000][67][info ][safepoint   ] Safepoint "G1PauseCleanup", Time since last: 9946287 ns, Reaching safepoint: 4821 ns, Cleanup: 14670 ns, At safepoint: 558057 ns, Total: 577548 ns
[2024-01-29T08:39:05.169+0000][67][info ][gc,marking  ] GC(12) Concurrent Clear Claimed Marks
[2024-01-29T08:39:05.169+0000][67][info ][gc,marking  ] GC(12) Concurrent Clear Claimed Marks 0.133ms
[2024-01-29T08:39:05.169+0000][67][info ][gc,marking  ] GC(12) Concurrent Cleanup for Next Mark
[2024-01-29T08:39:05.169+0000][67][info ][gc,marking  ] GC(12) Concurrent Cleanup for Next Mark 0.396ms
[2024-01-29T08:39:05.170+0000][67][info ][gc          ] GC(12) Concurrent Mark Cycle 45.607ms
[2024-01-29T08:39:05.491+0000][67][info ][gc,start    ] GC(13) Pause Young (Prepare Mixed) (G1 Evacuation Pause)
[2024-01-29T08:39:05.492+0000][67][info ][gc,task     ] GC(13) Using 6 workers of 8 for evacuation
[2024-01-29T08:39:05.492+0000][67][debug][gc,age      ] GC(13) Desired survivor size 10485760 bytes, new threshold 5 (max threshold 15)
[2024-01-29T08:39:05.505+0000][67][info ][gc,phases   ] GC(13)   Pre Evacuate Collection Set: 0.1ms
[2024-01-29T08:39:05.506+0000][67][info ][gc,phases   ] GC(13)   Merge Heap Roots: 0.1ms
[2024-01-29T08:39:05.506+0000][67][info ][gc,phases   ] GC(13)   Evacuate Collection Set: 10.5ms
[2024-01-29T08:39:05.506+0000][67][info ][gc,phases   ] GC(13)   Post Evacuate Collection Set: 2.2ms
[2024-01-29T08:39:05.506+0000][67][info ][gc,phases   ] GC(13)   Other: 0.6ms
[2024-01-29T08:39:05.506+0000][67][trace][gc,age      ] GC(13) Age table with threshold 5 (max threshold 15)
[2024-01-29T08:39:05.507+0000][67][trace][gc,age      ] GC(13) - age   1:    1126040 bytes,    1126040 total
[2024-01-29T08:39:05.507+0000][67][trace][gc,age      ] GC(13) - age   2:    3115856 bytes,    4241896 total
[2024-01-29T08:39:05.507+0000][67][trace][gc,age      ] GC(13) - age   3:     510048 bytes,    4751944 total
[2024-01-29T08:39:05.508+0000][67][trace][gc,age      ] GC(13) - age   4:    5139560 bytes,    9891504 total
[2024-01-29T08:39:05.508+0000][67][trace][gc,age      ] GC(13) - age   5:     514152 bytes,   10405656 total
[2024-01-29T08:39:05.508+0000][67][info ][gc,heap     ] GC(13) Eden regions: 35->0(35)
[2024-01-29T08:39:05.508+0000][67][info ][gc,heap     ] GC(13) Survivor regions: 3->3(5)
[2024-01-29T08:39:05.508+0000][67][info ][gc,heap     ] GC(13) Old regions: 5->6
[2024-01-29T08:39:05.508+0000][67][info ][gc,heap     ] GC(13) Humongous regions: 0->0
[2024-01-29T08:39:05.508+0000][67][info ][gc,metaspace] GC(13) Metaspace: 35738K(36672K)->35738K(36672K) NonClass: 31651K(32192K)->31651K(32192K) Class: 4087K(4480K)->4087K(4480K)
[2024-01-29T08:39:05.509+0000][67][info ][gc          ] GC(13) Pause Young (Prepare Mixed) (G1 Evacuation Pause) 171M->32M(256M) 17.270ms
[2024-01-29T08:39:05.509+0000][67][info ][gc,cpu      ] GC(13) User=0.06s Sys=0.01s Real=0.02s
[2024-01-29T08:39:05.509+0000][67][info ][safepoint   ] Safepoint "G1CollectForAllocation", Time since last: 322671938 ns, Reaching safepoint: 6878 ns, Cleanup: 25092 ns, At safepoint: 17674842 ns, Total: 17706812 ns
[2024-01-29T08:39:05.847+0000][67][info ][gc,start    ] GC(14) Pause Young (Mixed) (G1 Evacuation Pause)
[2024-01-29T08:39:05.847+0000][67][info ][gc,task     ] GC(14) Using 6 workers of 8 for evacuation
[2024-01-29T08:39:05.848+0000][67][debug][gc,age      ] GC(14) Desired survivor size 10485760 bytes, new threshold 15 (max threshold 15)
[2024-01-29T08:39:05.868+0000][67][info ][gc,phases   ] GC(14)   Pre Evacuate Collection Set: 0.2ms
[2024-01-29T08:39:05.869+0000][67][info ][gc,phases   ] GC(14)   Merge Heap Roots: 0.1ms
[2024-01-29T08:39:05.869+0000][67][info ][gc,phases   ] GC(14)   Evacuate Collection Set: 19.4ms
[2024-01-29T08:39:05.869+0000][67][info ][gc,phases   ] GC(14)   Post Evacuate Collection Set: 0.9ms
[2024-01-29T08:39:05.869+0000][67][info ][gc,phases   ] GC(14)   Other: 0.4ms
[2024-01-29T08:39:05.869+0000][67][trace][gc,age      ] GC(14) Age table with threshold 15 (max threshold 15)
[2024-01-29T08:39:05.870+0000][67][trace][gc,age      ] GC(14) - age   1:    3074136 bytes,    3074136 total
[2024-01-29T08:39:05.870+0000][67][trace][gc,age      ] GC(14) - age   2:     470888 bytes,    3545024 total
[2024-01-29T08:39:05.870+0000][67][trace][gc,age      ] GC(14) - age   3:    3115856 bytes,    6660880 total
[2024-01-29T08:39:05.870+0000][67][trace][gc,age      ] GC(14) - age   4:     510048 bytes,    7170928 total
[2024-01-29T08:39:05.870+0000][67][trace][gc,age      ] GC(14) - age   5:    5137464 bytes,   12308392 total
[2024-01-29T08:39:05.870+0000][67][trace][gc,age      ] GC(14) - age   6:     514152 bytes,   12822544 total
[2024-01-29T08:39:05.871+0000][67][info ][gc,heap     ] GC(14) Eden regions: 35->0(34)
[2024-01-29T08:39:05.871+0000][67][info ][gc,heap     ] GC(14) Survivor regions: 3->4(5)
[2024-01-29T08:39:05.871+0000][67][info ][gc,heap     ] GC(14) Old regions: 6->6
[2024-01-29T08:39:05.871+0000][67][info ][gc,heap     ] GC(14) Humongous regions: 0->0
[2024-01-29T08:39:05.871+0000][67][info ][gc,metaspace] GC(14) Metaspace: 35816K(36800K)->35816K(36800K) NonClass: 31717K(32320K)->31717K(32320K) Class: 4098K(4480K)->4098K(4480K)
[2024-01-29T08:39:05.872+0000][67][info ][gc          ] GC(14) Pause Young (Mixed) (G1 Evacuation Pause) 172M->35M(256M) 24.598ms
[2024-01-29T08:39:05.872+0000][67][info ][gc,cpu      ] GC(14) User=0.06s Sys=0.01s Real=0.02s
[2024-01-29T08:39:05.872+0000][67][info ][safepoint   ] Safepoint "G1CollectForAllocation", Time since last: 337881991 ns, Reaching safepoint: 5118 ns, Cleanup: 117143 ns, At safepoint: 24948112 ns, Total: 25070373 ns
[2024-01-29T08:39:06.558+0000][67][info ][gc,start    ] GC(15) Pause Young (Normal) (G1 Evacuation Pause)
[2024-01-29T08:39:06.558+0000][67][info ][gc,task     ] GC(15) Using 6 workers of 8 for evacuation
[2024-01-29T08:39:06.558+0000][67][debug][gc,age      ] GC(15) Desired survivor size 10485760 bytes, new threshold 5 (max threshold 15)
[2024-01-29T08:39:06.575+0000][67][info ][gc,phases   ] GC(15)   Pre Evacuate Collection Set: 0.1ms
[2024-01-29T08:39:06.575+0000][67][info ][gc,phases   ] GC(15)   Merge Heap Roots: 0.1ms
[2024-01-29T08:39:06.575+0000][67][info ][gc,phases   ] GC(15)   Evacuate Collection Set: 15.3ms
[2024-01-29T08:39:06.575+0000][67][info ][gc,phases   ] GC(15)   Post Evacuate Collection Set: 0.7ms
[2024-01-29T08:39:06.575+0000][67][info ][gc,phases   ] GC(15)   Other: 0.4ms
[2024-01-29T08:39:06.575+0000][67][trace][gc,age      ] GC(15) Age table with threshold 5 (max threshold 15)
[2024-01-29T08:39:06.575+0000][67][trace][gc,age      ] GC(15) - age   1:    2078960 bytes,    2078960 total
[2024-01-29T08:39:06.575+0000][67][trace][gc,age      ] GC(15) - age   2:    2496776 bytes,    4575736 total
[2024-01-29T08:39:06.576+0000][67][trace][gc,age      ] GC(15) - age   3:     469688 bytes,    5045424 total
[2024-01-29T08:39:06.576+0000][67][trace][gc,age      ] GC(15) - age   4:    3109648 bytes,    8155072 total
[2024-01-29T08:39:06.576+0000][67][trace][gc,age      ] GC(15) - age   5:     508056 bytes,    8663128 total
[2024-01-29T08:39:06.576+0000][67][info ][gc,heap     ] GC(15) Eden regions: 34->0(35)
[2024-01-29T08:39:06.576+0000][67][info ][gc,heap     ] GC(15) Survivor regions: 4->3(5)
[2024-01-29T08:39:06.576+0000][67][info ][gc,heap     ] GC(15) Old regions: 6->7
[2024-01-29T08:39:06.576+0000][67][info ][gc,heap     ] GC(15) Humongous regions: 0->0
[2024-01-29T08:39:06.576+0000][67][info ][gc,metaspace] GC(15) Metaspace: 40384K(41408K)->40384K(41408K) NonClass: 35678K(36288K)->35678K(36288K) Class: 4706K(5120K)->4706K(5120K)
[2024-01-29T08:39:06.576+0000][67][info ][gc          ] GC(15) Pause Young (Normal) (G1 Evacuation Pause) 171M->36M(256M) 18.690ms
[2024-01-29T08:39:06.577+0000][67][info ][gc,cpu      ] GC(15) User=0.06s Sys=0.00s Real=0.02s
[2024-01-29T08:39:06.577+0000][67][info ][safepoint   ] Safepoint "G1CollectForAllocation", Time since last: 685678998 ns, Reaching safepoint: 4359 ns, Cleanup: 88285 ns, At safepoint: 18923387 ns, Total: 19016031 ns
[2024-01-29T08:39:07.572+0000][67][info ][gc,start    ] GC(16) Pause Young (Normal) (G1 Evacuation Pause)
[2024-01-29T08:39:07.572+0000][67][info ][gc,task     ] GC(16) Using 6 workers of 8 for evacuation
[2024-01-29T08:39:07.572+0000][67][debug][gc,age      ] GC(16) Desired survivor size 10485760 bytes, new threshold 15 (max threshold 15)
[2024-01-29T08:39:07.581+0000][67][info ][gc,phases   ] GC(16)   Pre Evacuate Collection Set: 0.1ms
[2024-01-29T08:39:07.581+0000][67][info ][gc,phases   ] GC(16)   Merge Heap Roots: 0.1ms
[2024-01-29T08:39:07.581+0000][67][info ][gc,phases   ] GC(16)   Evacuate Collection Set: 7.3ms
[2024-01-29T08:39:07.581+0000][67][info ][gc,phases   ] GC(16)   Post Evacuate Collection Set: 1.1ms
[2024-01-29T08:39:07.582+0000][67][info ][gc,phases   ] GC(16)   Other: 0.4ms
[2024-01-29T08:39:07.582+0000][67][trace][gc,age      ] GC(16) Age table with threshold 15 (max threshold 15)
[2024-01-29T08:39:07.582+0000][67][trace][gc,age      ] GC(16) - age   1:    3352872 bytes,    3352872 total
[2024-01-29T08:39:07.582+0000][67][trace][gc,age      ] GC(16) - age   2:    2007560 bytes,    5360432 total
[2024-01-29T08:39:07.582+0000][67][trace][gc,age      ] GC(16) - age   3:    2495320 bytes,    7855752 total
[2024-01-29T08:39:07.582+0000][67][trace][gc,age      ] GC(16) - age   4:     466616 bytes,    8322368 total
[2024-01-29T08:39:07.583+0000][67][trace][gc,age      ] GC(16) - age   5:    3095216 bytes,   11417584 total
[2024-01-29T08:39:07.583+0000][67][trace][gc,age      ] GC(16) - age   6:     507520 bytes,   11925104 total
[2024-01-29T08:39:07.583+0000][67][info ][gc,heap     ] GC(16) Eden regions: 35->0(35)
[2024-01-29T08:39:07.583+0000][67][info ][gc,heap     ] GC(16) Survivor regions: 3->3(5)
[2024-01-29T08:39:07.583+0000][67][info ][gc,heap     ] GC(16) Old regions: 7->7
[2024-01-29T08:39:07.583+0000][67][info ][gc,heap     ] GC(16) Humongous regions: 0->0
[2024-01-29T08:39:07.583+0000][67][info ][gc,metaspace] GC(16) Metaspace: 52491K(53760K)->52491K(53760K) NonClass: 46210K(46976K)->46210K(46976K) Class: 6281K(6784K)->6281K(6784K)
[2024-01-29T08:39:07.584+0000][67][info ][gc          ] GC(16) Pause Young (Normal) (G1 Evacuation Pause) 176M->38M(256M) 12.044ms
[2024-01-29T08:39:07.584+0000][67][info ][gc,cpu      ] GC(16) User=0.03s Sys=0.01s Real=0.01s
[2024-01-29T08:39:07.584+0000][67][info ][safepoint   ] Safepoint "G1CollectForAllocation", Time since last: 994799472 ns, Reaching safepoint: 3280 ns, Cleanup: 79535 ns, At safepoint: 12534192 ns, Total: 12617007 ns
[2024-01-29T08:39:08.031+0000][67][info ][gc,start    ] GC(17) Pause Young (Concurrent Start) (Metadata GC Threshold)
[2024-01-29T08:39:08.032+0000][67][info ][gc,task     ] GC(17) Using 6 workers of 8 for evacuation
[2024-01-29T08:39:08.032+0000][67][debug][gc,age      ] GC(17) Desired survivor size 10485760 bytes, new threshold 5 (max threshold 15)
[2024-01-29T08:39:08.046+0000][67][info ][gc,phases   ] GC(17)   Pre Evacuate Collection Set: 0.1ms
[2024-01-29T08:39:08.046+0000][67][info ][gc,phases   ] GC(17)   Merge Heap Roots: 0.2ms
[2024-01-29T08:39:08.046+0000][67][info ][gc,phases   ] GC(17)   Evacuate Collection Set: 12.3ms
[2024-01-29T08:39:08.046+0000][67][info ][gc,phases   ] GC(17)   Post Evacuate Collection Set: 1.1ms
[2024-01-29T08:39:08.046+0000][67][info ][gc,phases   ] GC(17)   Other: 0.5ms
[2024-01-29T08:39:08.047+0000][67][trace][gc,age      ] GC(17) Age table with threshold 5 (max threshold 15)
[2024-01-29T08:39:08.047+0000][67][trace][gc,age      ] GC(17) - age   1:    1459280 bytes,    1459280 total
[2024-01-29T08:39:08.047+0000][67][trace][gc,age      ] GC(17) - age   2:    3200944 bytes,    4660224 total
[2024-01-29T08:39:08.047+0000][67][trace][gc,age      ] GC(17) - age   3:    2002736 bytes,    6662960 total
[2024-01-29T08:39:08.047+0000][67][trace][gc,age      ] GC(17) - age   4:    2495320 bytes,    9158280 total
[2024-01-29T08:39:08.047+0000][67][trace][gc,age      ] GC(17) - age   5:     466008 bytes,    9624288 total
[2024-01-29T08:39:08.047+0000][67][info ][gc,heap     ] GC(17) Eden regions: 9->0(35)
[2024-01-29T08:39:08.048+0000][67][info ][gc,heap     ] GC(17) Survivor regions: 3->3(5)
[2024-01-29T08:39:08.048+0000][67][info ][gc,heap     ] GC(17) Old regions: 7->8
[2024-01-29T08:39:08.048+0000][67][info ][gc,heap     ] GC(17) Humongous regions: 0->0
[2024-01-29T08:39:08.048+0000][67][info ][gc,metaspace] GC(17) Metaspace: 59082K(60288K)->59082K(60288K) NonClass: 51729K(52416K)->51729K(52416K) Class: 7353K(7872K)->7353K(7872K)
[2024-01-29T08:39:08.049+0000][67][info ][gc          ] GC(17) Pause Young (Concurrent Start) (Metadata GC Threshold) 74M->41M(256M) 17.231ms
[2024-01-29T08:39:08.049+0000][67][info ][gc,cpu      ] GC(17) User=0.03s Sys=0.00s Real=0.02s
[2024-01-29T08:39:08.049+0000][67][info ][gc          ] GC(18) Concurrent Mark Cycle
[2024-01-29T08:39:08.049+0000][67][info ][gc,marking  ] GC(18) Concurrent Scan Root Regions
[2024-01-29T08:39:08.054+0000][67][info ][gc,marking  ] GC(18) Concurrent Scan Root Regions 4.586ms
[2024-01-29T08:39:08.054+0000][67][info ][gc,marking  ] GC(18) Concurrent Mark
[2024-01-29T08:39:08.054+0000][67][info ][gc,marking  ] GC(18) Concurrent Mark From Roots
[2024-01-29T08:39:08.054+0000][67][info ][gc,task     ] GC(18) Using 2 workers of 2 for marking
[2024-01-29T08:39:08.054+0000][67][info ][safepoint   ] Safepoint "CollectForMetadataAllocation", Time since last: 445855296 ns, Reaching safepoint: 1210218 ns, Cleanup: 85619 ns, At safepoint: 22610909 ns, Total: 23906746 ns
[2024-01-29T08:39:08.071+0000][67][info ][gc,marking  ] GC(18) Concurrent Mark From Roots 17.248ms
[2024-01-29T08:39:08.072+0000][67][info ][gc,marking  ] GC(18) Concurrent Preclean
[2024-01-29T08:39:08.072+0000][67][info ][gc,marking  ] GC(18) Concurrent Preclean 0.497ms
[2024-01-29T08:39:08.073+0000][67][info ][gc,start    ] GC(18) Pause Remark
[2024-01-29T08:39:08.080+0000][67][info ][gc          ] GC(18) Pause Remark 43M->43M(256M) 6.618ms
[2024-01-29T08:39:08.080+0000][67][info ][gc,cpu      ] GC(18) User=0.02s Sys=0.00s Real=0.01s
[2024-01-29T08:39:08.080+0000][67][info ][safepoint   ] Safepoint "G1PauseRemark", Time since last: 18541523 ns, Reaching safepoint: 582117 ns, Cleanup: 3367 ns, At safepoint: 7241912 ns, Total: 7827396 ns
[2024-01-29T08:39:08.081+0000][67][info ][gc,marking  ] GC(18) Concurrent Mark 26.610ms
[2024-01-29T08:39:08.081+0000][67][info ][gc,marking  ] GC(18) Concurrent Rebuild Remembered Sets and Scrub Regions
[2024-01-29T08:39:08.089+0000][67][info ][gc,marking  ] GC(18) Concurrent Rebuild Remembered Sets and Scrub Regions 7.754ms
[2024-01-29T08:39:08.090+0000][67][info ][gc,start    ] GC(18) Pause Cleanup
[2024-01-29T08:39:08.091+0000][67][info ][gc          ] GC(18) Pause Cleanup 43M->43M(256M) 0.506ms
[2024-01-29T08:39:08.091+0000][67][info ][gc,cpu      ] GC(18) User=0.00s Sys=0.00s Real=0.00s
[2024-01-29T08:39:08.091+0000][67][info ][safepoint   ] Safepoint "G1PauseCleanup", Time since last: 8509930 ns, Reaching safepoint: 1416445 ns, Cleanup: 13880 ns, At safepoint: 1037355 ns, Total: 2467680 ns
[2024-01-29T08:39:08.091+0000][67][info ][gc,marking  ] GC(18) Concurrent Clear Claimed Marks
[2024-01-29T08:39:08.092+0000][67][info ][gc,marking  ] GC(18) Concurrent Clear Claimed Marks 0.262ms
[2024-01-29T08:39:08.092+0000][67][info ][gc,marking  ] GC(18) Concurrent Cleanup for Next Mark
[2024-01-29T08:39:08.092+0000][67][info ][gc,marking  ] GC(18) Concurrent Cleanup for Next Mark 0.419ms
[2024-01-29T08:39:08.092+0000][67][info ][gc          ] GC(18) Concurrent Mark Cycle 43.746ms
[2024-01-29T08:39:09.324+0000][67][info ][safepoint   ] Safepoint "Cleanup", Time since last: 1232870066 ns, Reaching safepoint: 23752 ns, Cleanup: 160058 ns, At safepoint: 89212 ns, Total: 273022 ns
[2024-01-29T08:39:09.780+0000][67][info ][gc,start    ] GC(19) Pause Young (Prepare Mixed) (G1 Evacuation Pause)
[2024-01-29T08:39:09.781+0000][67][info ][gc,task     ] GC(19) Using 6 workers of 8 for evacuation
[2024-01-29T08:39:09.781+0000][67][debug][gc,age      ] GC(19) Desired survivor size 10485760 bytes, new threshold 15 (max threshold 15)
[2024-01-29T08:39:09.798+0000][67][info ][gc,phases   ] GC(19)   Pre Evacuate Collection Set: 0.1ms
[2024-01-29T08:39:09.798+0000][67][info ][gc,phases   ] GC(19)   Merge Heap Roots: 0.1ms
[2024-01-29T08:39:09.798+0000][67][info ][gc,phases   ] GC(19)   Evacuate Collection Set: 15.6ms
[2024-01-29T08:39:09.799+0000][67][info ][gc,phases   ] GC(19)   Post Evacuate Collection Set: 1.5ms
[2024-01-29T08:39:09.799+0000][67][info ][gc,phases   ] GC(19)   Other: 0.2ms
[2024-01-29T08:39:09.799+0000][67][trace][gc,age      ] GC(19) Age table with threshold 15 (max threshold 15)
[2024-01-29T08:39:09.799+0000][67][trace][gc,age      ] GC(19) - age   1:   10259808 bytes,   10259808 total
[2024-01-29T08:39:09.799+0000][67][trace][gc,age      ] GC(19) - age   2:    1333448 bytes,   11593256 total
[2024-01-29T08:39:09.799+0000][67][trace][gc,age      ] GC(19) - age   3:    3145880 bytes,   14739136 total
[2024-01-29T08:39:09.800+0000][67][trace][gc,age      ] GC(19) - age   4:    1988936 bytes,   16728072 total
[2024-01-29T08:39:09.800+0000][67][trace][gc,age      ] GC(19) - age   5:    2494792 bytes,   19222864 total
[2024-01-29T08:39:09.800+0000][67][trace][gc,age      ] GC(19) - age   6:     464232 bytes,   19687096 total
[2024-01-29T08:39:09.800+0000][67][info ][gc,heap     ] GC(19) Eden regions: 35->0(33)
[2024-01-29T08:39:09.800+0000][67][info ][gc,heap     ] GC(19) Survivor regions: 3->5(5)
[2024-01-29T08:39:09.800+0000][67][info ][gc,heap     ] GC(19) Old regions: 8->8
[2024-01-29T08:39:09.800+0000][67][info ][gc,heap     ] GC(19) Humongous regions: 0->0
[2024-01-29T08:39:09.800+0000][67][info ][gc,metaspace] GC(19) Metaspace: 63684K(65280K)->63684K(65280K) NonClass: 55605K(56512K)->55605K(56512K) Class: 8079K(8768K)->8079K(8768K)
[2024-01-29T08:39:09.801+0000][67][info ][gc          ] GC(19) Pause Young (Prepare Mixed) (G1 Evacuation Pause) 181M->50M(256M) 20.262ms
[2024-01-29T08:39:09.801+0000][67][info ][gc,cpu      ] GC(19) User=0.06s Sys=0.00s Real=0.02s
[2024-01-29T08:39:09.801+0000][67][info ][safepoint   ] Safepoint "G1CollectForAllocation", Time since last: 455929780 ns, Reaching safepoint: 6895 ns, Cleanup: 19555 ns, At safepoint: 20623380 ns, Total: 20649830 ns
[2024-01-29T08:39:10.739+0000][67][info ][gc,start    ] GC(20) Pause Young (Mixed) (G1 Evacuation Pause)
[2024-01-29T08:39:10.740+0000][67][info ][gc,task     ] GC(20) Using 6 workers of 8 for evacuation
[2024-01-29T08:39:10.740+0000][67][debug][gc,age      ] GC(20) Desired survivor size 10485760 bytes, new threshold 2 (max threshold 15)
[2024-01-29T08:39:10.778+0000][67][info ][gc,phases   ] GC(20)   Pre Evacuate Collection Set: 0.3ms
[2024-01-29T08:39:10.778+0000][67][info ][gc,phases   ] GC(20)   Merge Heap Roots: 0.1ms
[2024-01-29T08:39:10.778+0000][67][info ][gc,phases   ] GC(20)   Evacuate Collection Set: 36.1ms
[2024-01-29T08:39:10.778+0000][67][info ][gc,phases   ] GC(20)   Post Evacuate Collection Set: 1.1ms
[2024-01-29T08:39:10.778+0000][67][info ][gc,phases   ] GC(20)   Other: 0.4ms
[2024-01-29T08:39:10.778+0000][67][trace][gc,age      ] GC(20) Age table with threshold 2 (max threshold 15)
[2024-01-29T08:39:10.779+0000][67][trace][gc,age      ] GC(20) - age   1:    5683328 bytes,    5683328 total
[2024-01-29T08:39:10.779+0000][67][trace][gc,age      ] GC(20) - age   2:    9672744 bytes,   15356072 total
[2024-01-29T08:39:10.779+0000][67][info ][gc,heap     ] GC(20) Eden regions: 33->0(33)
[2024-01-29T08:39:10.779+0000][67][info ][gc,heap     ] GC(20) Survivor regions: 5->5(5)
[2024-01-29T08:39:10.779+0000][67][info ][gc,heap     ] GC(20) Old regions: 8->10
[2024-01-29T08:39:10.779+0000][67][info ][gc,heap     ] GC(20) Humongous regions: 0->0
[2024-01-29T08:39:10.780+0000][67][info ][gc,metaspace] GC(20) Metaspace: 65583K(67136K)->65583K(67136K) NonClass: 57165K(58048K)->57165K(58048K) Class: 8418K(9088K)->8418K(9088K)
[2024-01-29T08:39:10.780+0000][67][info ][gc          ] GC(20) Pause Young (Mixed) (G1 Evacuation Pause) 182M->56M(256M) 40.207ms
[2024-01-29T08:39:10.780+0000][67][info ][gc,cpu      ] GC(20) User=0.13s Sys=0.00s Real=0.04s
[2024-01-29T08:39:10.780+0000][67][info ][safepoint   ] Safepoint "G1CollectForAllocation", Time since last: 938489364 ns, Reaching safepoint: 5245 ns, Cleanup: 41164 ns, At safepoint: 40515853 ns, Total: 40562262 ns
[2024-01-29T08:39:11.253+0000][67][info ][safepoint   ] Safepoint "ICBufferFull", Time since last: 473216196 ns, Reaching safepoint: 4040 ns, Cleanup: 78128 ns, At safepoint: 1645 ns, Total: 83813 ns
[2024-01-29T08:39:11.572+0000][67][info ][gc,start    ] GC(21) Pause Young (Normal) (G1 Evacuation Pause)
[2024-01-29T08:39:11.572+0000][67][info ][gc,task     ] GC(21) Using 6 workers of 8 for evacuation
[2024-01-29T08:39:11.572+0000][67][debug][gc,age      ] GC(21) Desired survivor size 10485760 bytes, new threshold 2 (max threshold 15)
[2024-01-29T08:39:11.594+0000][67][info ][gc,phases   ] GC(21)   Pre Evacuate Collection Set: 0.1ms
[2024-01-29T08:39:11.594+0000][67][info ][gc,phases   ] GC(21)   Merge Heap Roots: 0.1ms
[2024-01-29T08:39:11.594+0000][67][info ][gc,phases   ] GC(21)   Evacuate Collection Set: 20.5ms
[2024-01-29T08:39:11.595+0000][67][info ][gc,phases   ] GC(21)   Post Evacuate Collection Set: 0.9ms
[2024-01-29T08:39:11.595+0000][67][info ][gc,phases   ] GC(21)   Other: 0.3ms
[2024-01-29T08:39:11.595+0000][67][trace][gc,age      ] GC(21) Age table with threshold 2 (max threshold 15)
[2024-01-29T08:39:11.595+0000][67][trace][gc,age      ] GC(21) - age   1:    3388096 bytes,    3388096 total
[2024-01-29T08:39:11.595+0000][67][trace][gc,age      ] GC(21) - age   2:    5645416 bytes,    9033512 total
[2024-01-29T08:39:11.595+0000][67][info ][gc,heap     ] GC(21) Eden regions: 33->0(35)
[2024-01-29T08:39:11.595+0000][67][info ][gc,heap     ] GC(21) Survivor regions: 5->3(5)
[2024-01-29T08:39:11.595+0000][67][info ][gc,heap     ] GC(21) Old regions: 10->13
[2024-01-29T08:39:11.596+0000][67][info ][gc,heap     ] GC(21) Humongous regions: 0->0
[2024-01-29T08:39:11.596+0000][67][info ][gc,metaspace] GC(21) Metaspace: 68811K(70464K)->68811K(70464K) NonClass: 59921K(60864K)->59921K(60864K) Class: 8889K(9600K)->8889K(9600K)
[2024-01-29T08:39:11.596+0000][67][info ][gc          ] GC(21) Pause Young (Normal) (G1 Evacuation Pause) 188M->60M(256M) 24.152ms
[2024-01-29T08:39:11.596+0000][67][info ][gc,cpu      ] GC(21) User=0.08s Sys=0.00s Real=0.03s
[2024-01-29T08:39:11.609+0000][67][info ][safepoint   ] Safepoint "G1CollectForAllocation", Time since last: 318370095 ns, Reaching safepoint: 5869 ns, Cleanup: 27643 ns, At safepoint: 37339114 ns, Total: 37372626 ns
[2024-01-29T08:39:12.160+0000][67][info ][gc,start    ] GC(22) Pause Young (Concurrent Start) (G1 Evacuation Pause)
[2024-01-29T08:39:12.161+0000][67][info ][gc,task     ] GC(22) Using 6 workers of 8 for evacuation
[2024-01-29T08:39:12.161+0000][67][debug][gc,age      ] GC(22) Desired survivor size 10485760 bytes, new threshold 15 (max threshold 15)
[2024-01-29T08:39:12.176+0000][67][info ][gc,phases   ] GC(22)   Pre Evacuate Collection Set: 3.6ms
[2024-01-29T08:39:12.176+0000][67][info ][gc,phases   ] GC(22)   Merge Heap Roots: 0.1ms
[2024-01-29T08:39:12.176+0000][67][info ][gc,phases   ] GC(22)   Evacuate Collection Set: 10.5ms
[2024-01-29T08:39:12.176+0000][67][info ][gc,phases   ] GC(22)   Post Evacuate Collection Set: 0.7ms
[2024-01-29T08:39:12.177+0000][67][info ][gc,phases   ] GC(22)   Other: 0.4ms
[2024-01-29T08:39:12.177+0000][67][trace][gc,age      ] GC(22) Age table with threshold 15 (max threshold 15)
[2024-01-29T08:39:12.177+0000][67][trace][gc,age      ] GC(22) - age   1:       4712 bytes,       4712 total
[2024-01-29T08:39:12.177+0000][67][trace][gc,age      ] GC(22) - age   2:    3367560 bytes,    3372272 total
[2024-01-29T08:39:12.177+0000][67][trace][gc,age      ] GC(22) - age   3:    5645384 bytes,    9017656 total
[2024-01-29T08:39:12.177+0000][67][info ][gc,heap     ] GC(22) Eden regions: 35->0(35)
[2024-01-29T08:39:12.178+0000][67][info ][gc,heap     ] GC(22) Survivor regions: 3->3(5)
[2024-01-29T08:39:12.178+0000][67][info ][gc,heap     ] GC(22) Old regions: 13->13
[2024-01-29T08:39:12.178+0000][67][info ][gc,heap     ] GC(22) Humongous regions: 0->0
[2024-01-29T08:39:12.178+0000][67][info ][gc,metaspace] GC(22) Metaspace: 68816K(70464K)->68816K(70464K) NonClass: 59926K(60864K)->59926K(60864K) Class: 8890K(9600K)->8890K(9600K)
[2024-01-29T08:39:12.178+0000][67][info ][gc          ] GC(22) Pause Young (Concurrent Start) (G1 Evacuation Pause) 200M->60M(256M) 17.727ms
[2024-01-29T08:39:12.178+0000][67][info ][gc,cpu      ] GC(22) User=0.06s Sys=0.00s Real=0.02s
[2024-01-29T08:39:12.178+0000][67][info ][gc          ] GC(23) Concurrent Mark Cycle
[2024-01-29T08:39:12.178+0000][67][info ][gc,marking  ] GC(23) Concurrent Scan Root Regions
[2024-01-29T08:39:12.178+0000][67][info ][safepoint   ] Safepoint "G1CollectForAllocation", Time since last: 551195245 ns, Reaching safepoint: 4699 ns, Cleanup: 10331 ns, At safepoint: 18045209 ns, Total: 18060239 ns
[2024-01-29T08:39:12.190+0000][67][info ][gc,marking  ] GC(23) Concurrent Scan Root Regions 11.438ms
[2024-01-29T08:39:12.190+0000][67][info ][gc,marking  ] GC(23) Concurrent Mark
[2024-01-29T08:39:12.190+0000][67][info ][gc,marking  ] GC(23) Concurrent Mark From Roots
[2024-01-29T08:39:12.190+0000][67][info ][gc,task     ] GC(23) Using 2 workers of 2 for marking
[2024-01-29T08:39:12.245+0000][67][info ][gc,marking  ] GC(23) Concurrent Mark From Roots 54.654ms
[2024-01-29T08:39:12.245+0000][67][info ][gc,marking  ] GC(23) Concurrent Preclean
[2024-01-29T08:39:12.245+0000][67][info ][gc,marking  ] GC(23) Concurrent Preclean 0.373ms
[2024-01-29T08:39:12.246+0000][67][info ][gc,start    ] GC(23) Pause Remark
[2024-01-29T08:39:12.257+0000][67][info ][gc          ] GC(23) Pause Remark 68M->68M(256M) 11.069ms
[2024-01-29T08:39:12.257+0000][67][info ][gc,cpu      ] GC(23) User=0.05s Sys=0.00s Real=0.01s
[2024-01-29T08:39:12.257+0000][67][info ][safepoint   ] Safepoint "G1PauseRemark", Time since last: 67295274 ns, Reaching safepoint: 379385 ns, Cleanup: 12430 ns, At safepoint: 11478820 ns, Total: 11870635 ns
[2024-01-29T08:39:12.258+0000][67][info ][gc,marking  ] GC(23) Concurrent Mark 67.654ms
[2024-01-29T08:39:12.258+0000][67][info ][gc,marking  ] GC(23) Concurrent Rebuild Remembered Sets and Scrub Regions
[2024-01-29T08:39:12.282+0000][67][info ][gc,marking  ] GC(23) Concurrent Rebuild Remembered Sets and Scrub Regions 24.723ms
[2024-01-29T08:39:12.283+0000][67][info ][gc,start    ] GC(23) Pause Cleanup
[2024-01-29T08:39:12.283+0000][67][info ][gc          ] GC(23) Pause Cleanup 72M->72M(256M) 0.251ms
[2024-01-29T08:39:12.283+0000][67][info ][gc,cpu      ] GC(23) User=0.00s Sys=0.00s Real=0.00s
[2024-01-29T08:39:12.284+0000][67][info ][safepoint   ] Safepoint "G1PauseCleanup", Time since last: 25194895 ns, Reaching safepoint: 420195 ns, Cleanup: 13694 ns, At safepoint: 573635 ns, Total: 1007524 ns
[2024-01-29T08:39:12.284+0000][67][info ][gc,marking  ] GC(23) Concurrent Clear Claimed Marks
[2024-01-29T08:39:12.284+0000][67][info ][gc,marking  ] GC(23) Concurrent Clear Claimed Marks 0.212ms
[2024-01-29T08:39:12.284+0000][67][info ][gc,marking  ] GC(23) Concurrent Cleanup for Next Mark
[2024-01-29T08:39:12.285+0000][67][info ][gc,marking  ] GC(23) Concurrent Cleanup for Next Mark 0.367ms
[2024-01-29T08:39:12.285+0000][67][info ][gc          ] GC(23) Concurrent Mark Cycle 106.519ms
[2024-01-29T08:39:13.331+0000][67][info ][gc,start    ] GC(24) Pause Young (Prepare Mixed) (G1 Evacuation Pause)
[2024-01-29T08:39:13.331+0000][67][info ][gc,task     ] GC(24) Using 6 workers of 8 for evacuation
[2024-01-29T08:39:13.332+0000][67][debug][gc,age      ] GC(24) Desired survivor size 10485760 bytes, new threshold 15 (max threshold 15)
[2024-01-29T08:39:13.341+0000][67][info ][gc,phases   ] GC(24)   Pre Evacuate Collection Set: 0.2ms
[2024-01-29T08:39:13.342+0000][67][info ][gc,phases   ] GC(24)   Merge Heap Roots: 0.1ms
[2024-01-29T08:39:13.342+0000][67][info ][gc,phases   ] GC(24)   Evacuate Collection Set: 7.4ms
[2024-01-29T08:39:13.342+0000][67][info ][gc,phases   ] GC(24)   Post Evacuate Collection Set: 1.8ms
[2024-01-29T08:39:13.342+0000][67][info ][gc,phases   ] GC(24)   Other: 0.4ms
[2024-01-29T08:39:13.342+0000][67][trace][gc,age      ] GC(24) Age table with threshold 15 (max threshold 15)
[2024-01-29T08:39:13.342+0000][67][trace][gc,age      ] GC(24) - age   1:    4844224 bytes,    4844224 total
[2024-01-29T08:39:13.342+0000][67][trace][gc,age      ] GC(24) - age   2:        576 bytes,    4844800 total
[2024-01-29T08:39:13.342+0000][67][trace][gc,age      ] GC(24) - age   3:    3332816 bytes,    8177616 total
[2024-01-29T08:39:13.342+0000][67][trace][gc,age      ] GC(24) - age   4:    5645128 bytes,   13822744 total
[2024-01-29T08:39:13.343+0000][67][info ][gc,heap     ] GC(24) Eden regions: 35->0(34)
[2024-01-29T08:39:13.343+0000][67][info ][gc,heap     ] GC(24) Survivor regions: 3->4(5)
[2024-01-29T08:39:13.343+0000][67][info ][gc,heap     ] GC(24) Old regions: 13->13
[2024-01-29T08:39:13.343+0000][67][info ][gc,heap     ] GC(24) Humongous regions: 0->0
[2024-01-29T08:39:13.343+0000][67][info ][gc,metaspace] GC(24) Metaspace: 80792K(82496K)->80792K(82496K) NonClass: 70301K(71232K)->70301K(71232K) Class: 10491K(11264K)->10491K(11264K)
[2024-01-29T08:39:13.343+0000][67][info ][gc          ] GC(24) Pause Young (Prepare Mixed) (G1 Evacuation Pause) 200M->64M(256M) 11.884ms
[2024-01-29T08:39:13.343+0000][67][info ][gc,cpu      ] GC(24) User=0.04s Sys=0.01s Real=0.01s
[2024-01-29T08:39:13.343+0000][67][info ][safepoint   ] Safepoint "G1CollectForAllocation", Time since last: 1047428163 ns, Reaching safepoint: 4423 ns, Cleanup: 147876 ns, At safepoint: 12181363 ns, Total: 12333662 ns
[2024-01-29T08:39:14.483+0000][67][info ][safepoint   ] Safepoint "Cleanup", Time since last: 1138746701 ns, Reaching safepoint: 1004658 ns, Cleanup: 93883 ns, At safepoint: 48539 ns, Total: 1147080 ns
[2024-01-29T08:39:15.242+0000][67][info ][gc,start    ] GC(25) Pause Young (Mixed) (G1 Evacuation Pause)
[2024-01-29T08:39:15.242+0000][67][info ][gc,task     ] GC(25) Using 6 workers of 8 for evacuation
[2024-01-29T08:39:15.242+0000][67][debug][gc,age      ] GC(25) Desired survivor size 10485760 bytes, new threshold 4 (max threshold 15)
[2024-01-29T08:39:15.261+0000][67][info ][gc,phases   ] GC(25)   Pre Evacuate Collection Set: 0.4ms
[2024-01-29T08:39:15.261+0000][67][info ][gc,phases   ] GC(25)   Merge Heap Roots: 0.1ms
[2024-01-29T08:39:15.261+0000][67][info ][gc,phases   ] GC(25)   Evacuate Collection Set: 15.4ms
[2024-01-29T08:39:15.261+0000][67][info ][gc,phases   ] GC(25)   Post Evacuate Collection Set: 2.3ms
[2024-01-29T08:39:15.261+0000][67][info ][gc,phases   ] GC(25)   Other: 0.3ms
[2024-01-29T08:39:15.262+0000][67][trace][gc,age      ] GC(25) Age table with threshold 4 (max threshold 15)
[2024-01-29T08:39:15.262+0000][67][trace][gc,age      ] GC(25) - age   1:    7563752 bytes,    7563752 total
[2024-01-29T08:39:15.262+0000][67][trace][gc,age      ] GC(25) - age   2:    4684728 bytes,   12248480 total
[2024-01-29T08:39:15.262+0000][67][trace][gc,age      ] GC(25) - age   3:        576 bytes,   12249056 total
[2024-01-29T08:39:15.262+0000][67][trace][gc,age      ] GC(25) - age   4:    3309024 bytes,   15558080 total
[2024-01-29T08:39:15.262+0000][67][info ][gc,heap     ] GC(25) Eden regions: 34->0(34)
[2024-01-29T08:39:15.262+0000][67][info ][gc,heap     ] GC(25) Survivor regions: 4->4(5)
[2024-01-29T08:39:15.263+0000][67][info ][gc,heap     ] GC(25) Old regions: 13->14
[2024-01-29T08:39:15.263+0000][67][info ][gc,heap     ] GC(25) Humongous regions: 0->0
[2024-01-29T08:39:15.263+0000][67][info ][gc,metaspace] GC(25) Metaspace: 101226K(103104K)->101226K(103104K) NonClass: 87918K(88960K)->87918K(88960K) Class: 13307K(14144K)->13307K(14144K)
[2024-01-29T08:39:15.263+0000][67][info ][gc          ] GC(25) Pause Young (Mixed) (G1 Evacuation Pause) 200M->71M(256M) 20.848ms
[2024-01-29T08:39:15.263+0000][67][info ][gc,cpu      ] GC(25) User=0.10s Sys=0.00s Real=0.02s
[2024-01-29T08:39:15.263+0000][67][info ][safepoint   ] Safepoint "G1CollectForAllocation", Time since last: 758623657 ns, Reaching safepoint: 7229 ns, Cleanup: 153038 ns, At safepoint: 21229809 ns, Total: 21390076 ns
[2024-01-29T08:39:16.333+0000][67][info ][safepoint   ] Safepoint "Cleanup", Time since last: 1068846969 ns, Reaching safepoint: 832035 ns, Cleanup: 147782 ns, At safepoint: 36462 ns, Total: 1016279 ns
[2024-01-29T08:39:16.518+0000][67][info ][gc,start    ] GC(26) Pause Young (Concurrent Start) (Metadata GC Threshold)
[2024-01-29T08:39:16.518+0000][67][info ][gc,task     ] GC(26) Using 6 workers of 8 for evacuation
[2024-01-29T08:39:16.518+0000][67][debug][gc,age      ] GC(26) Desired survivor size 10485760 bytes, new threshold 2 (max threshold 15)
[2024-01-29T08:39:16.535+0000][67][info ][gc,phases   ] GC(26)   Pre Evacuate Collection Set: 0.2ms
[2024-01-29T08:39:16.535+0000][67][info ][gc,phases   ] GC(26)   Merge Heap Roots: 0.1ms
[2024-01-29T08:39:16.535+0000][67][info ][gc,phases   ] GC(26)   Evacuate Collection Set: 14.4ms
[2024-01-29T08:39:16.536+0000][67][info ][gc,phases   ] GC(26)   Post Evacuate Collection Set: 2.1ms
[2024-01-29T08:39:16.536+0000][67][info ][gc,phases   ] GC(26)   Other: 0.4ms
[2024-01-29T08:39:16.536+0000][67][trace][gc,age      ] GC(26) Age table with threshold 2 (max threshold 15)
[2024-01-29T08:39:16.537+0000][67][trace][gc,age      ] GC(26) - age   1:    9059976 bytes,    9059976 total
[2024-01-29T08:39:16.537+0000][67][trace][gc,age      ] GC(26) - age   2:    6922456 bytes,   15982432 total
[2024-01-29T08:39:16.537+0000][67][info ][gc,heap     ] GC(26) Eden regions: 26->0(31)
[2024-01-29T08:39:16.537+0000][67][info ][gc,heap     ] GC(26) Survivor regions: 4->5(5)
[2024-01-29T08:39:16.537+0000][67][info ][gc,heap     ] GC(26) Old regions: 14->16
[2024-01-29T08:39:16.538+0000][67][info ][gc,heap     ] GC(26) Humongous regions: 0->0
[2024-01-29T08:39:16.538+0000][67][info ][gc,metaspace] GC(26) Metaspace: 113972K(117440K)->113972K(117440K) NonClass: 98474K(100224K)->98474K(100224K) Class: 15498K(17216K)->15498K(17216K)
[2024-01-29T08:39:16.538+0000][67][info ][gc          ] GC(26) Pause Young (Concurrent Start) (Metadata GC Threshold) 173M->81M(256M) 20.603ms
[2024-01-29T08:39:16.538+0000][67][info ][gc,cpu      ] GC(26) User=0.06s Sys=0.00s Real=0.02s
[2024-01-29T08:39:16.539+0000][67][info ][safepoint   ] Safepoint "CollectForMetadataAllocation", Time since last: 184283528 ns, Reaching safepoint: 5560 ns, Cleanup: 34533 ns, At safepoint: 21262805 ns, Total: 21302898 ns
[2024-01-29T08:39:16.538+0000][67][info ][gc          ] GC(27) Concurrent Mark Cycle
[2024-01-29T08:39:16.540+0000][67][info ][gc,marking  ] GC(27) Concurrent Scan Root Regions
[2024-01-29T08:39:16.553+0000][67][info ][gc,marking  ] GC(27) Concurrent Scan Root Regions 13.078ms
[2024-01-29T08:39:16.554+0000][67][info ][gc,marking  ] GC(27) Concurrent Mark
[2024-01-29T08:39:16.554+0000][67][info ][gc,marking  ] GC(27) Concurrent Mark From Roots
[2024-01-29T08:39:16.554+0000][67][info ][gc,task     ] GC(27) Using 2 workers of 2 for marking
[2024-01-29T08:39:16.595+0000][67][info ][gc,marking  ] GC(27) Concurrent Mark From Roots 41.197ms
[2024-01-29T08:39:16.595+0000][67][info ][gc,marking  ] GC(27) Concurrent Preclean
[2024-01-29T08:39:16.596+0000][67][info ][gc,marking  ] GC(27) Concurrent Preclean 0.583ms
[2024-01-29T08:39:16.596+0000][67][info ][gc,start    ] GC(27) Pause Remark
[2024-01-29T08:39:16.603+0000][67][info ][gc          ] GC(27) Pause Remark 83M->83M(256M) 7.286ms
[2024-01-29T08:39:16.603+0000][67][info ][gc,cpu      ] GC(27) User=0.02s Sys=0.00s Real=0.00s
[2024-01-29T08:39:16.604+0000][67][info ][safepoint   ] Safepoint "G1PauseRemark", Time since last: 57163291 ns, Reaching safepoint: 5179 ns, Cleanup: 11487 ns, At safepoint: 7636353 ns, Total: 7653019 ns
[2024-01-29T08:39:16.604+0000][67][info ][gc,marking  ] GC(27) Concurrent Mark 50.103ms
[2024-01-29T08:39:16.604+0000][67][info ][gc,marking  ] GC(27) Concurrent Rebuild Remembered Sets and Scrub Regions
[2024-01-29T08:39:16.628+0000][67][info ][gc,marking  ] GC(27) Concurrent Rebuild Remembered Sets and Scrub Regions 24.454ms
[2024-01-29T08:39:16.629+0000][67][info ][gc,start    ] GC(27) Pause Cleanup
[2024-01-29T08:39:16.629+0000][67][info ][gc          ] GC(27) Pause Cleanup 85M->85M(256M) 0.362ms
[2024-01-29T08:39:16.630+0000][67][info ][gc,cpu      ] GC(27) User=0.00s Sys=0.00s Real=0.00s
[2024-01-29T08:39:16.630+0000][67][info ][safepoint   ] Safepoint "G1PauseCleanup", Time since last: 24952457 ns, Reaching safepoint: 448339 ns, Cleanup: 17988 ns, At safepoint: 703124 ns, Total: 1169451 ns
[2024-01-29T08:39:16.630+0000][67][info ][gc,marking  ] GC(27) Concurrent Clear Claimed Marks
[2024-01-29T08:39:16.630+0000][67][info ][gc,marking  ] GC(27) Concurrent Clear Claimed Marks 0.346ms
[2024-01-29T08:39:16.630+0000][67][info ][gc,marking  ] GC(27) Concurrent Cleanup for Next Mark
[2024-01-29T08:39:16.631+0000][67][info ][gc,marking  ] GC(27) Concurrent Cleanup for Next Mark 0.339ms
[2024-01-29T08:39:16.631+0000][67][info ][gc          ] GC(27) Concurrent Mark Cycle 92.421ms
[2024-01-29T08:39:17.241+0000][67][info ][safepoint   ] Safepoint "ICBufferFull", Time since last: 610630950 ns, Reaching safepoint: 679387 ns, Cleanup: 114101 ns, At safepoint: 141081 ns, Total: 934569 ns
[2024-01-29T08:39:17.446+0000][67][info ][safepoint   ] Safepoint "ICBufferFull", Time since last: 203545365 ns, Reaching safepoint: 1329941 ns, Cleanup: 94442 ns, At safepoint: 155137 ns, Total: 1579520 ns
[2024-01-29T08:39:17.666+0000][67][info ][safepoint   ] Safepoint "ICBufferFull", Time since last: 219709473 ns, Reaching safepoint: 14419 ns, Cleanup: 213456 ns, At safepoint: 51601 ns, Total: 279476 ns
[2024-01-29T08:39:17.927+0000][67][info ][safepoint   ] Safepoint "ICBufferFull", Time since last: 260809370 ns, Reaching safepoint: 15237 ns, Cleanup: 135424 ns, At safepoint: 11817 ns, Total: 162478 ns
[2024-01-29T08:39:18.207+0000][67][info ][safepoint   ] Safepoint "ICBufferFull", Time since last: 279393512 ns, Reaching safepoint: 9783 ns, Cleanup: 131614 ns, At safepoint: 4111 ns, Total: 145508 ns
[2024-01-29T08:39:18.778+0000][67][info ][safepoint   ] Safepoint "ICBufferFull", Time since last: 570973898 ns, Reaching safepoint: 10322 ns, Cleanup: 155505 ns, At safepoint: 4083 ns, Total: 169910 ns
[2024-01-29T08:39:18.825+0000][67][info ][gc,start    ] GC(28) Pause Young (Prepare Mixed) (G1 Evacuation Pause)
[2024-01-29T08:39:18.825+0000][67][info ][gc,task     ] GC(28) Using 8 workers of 8 for evacuation
[2024-01-29T08:39:18.826+0000][67][debug][gc,age      ] GC(28) Desired survivor size 10485760 bytes, new threshold 2 (max threshold 15)
[2024-01-29T08:39:18.841+0000][67][info ][gc,phases   ] GC(28)   Pre Evacuate Collection Set: 0.2ms
[2024-01-29T08:39:18.841+0000][67][info ][gc,phases   ] GC(28)   Merge Heap Roots: 0.1ms
[2024-01-29T08:39:18.842+0000][67][info ][gc,phases   ] GC(28)   Evacuate Collection Set: 12.4ms
[2024-01-29T08:39:18.842+0000][67][info ][gc,phases   ] GC(28)   Post Evacuate Collection Set: 2.7ms
[2024-01-29T08:39:18.842+0000][67][info ][gc,phases   ] GC(28)   Other: 0.3ms
[2024-01-29T08:39:18.842+0000][67][trace][gc,age      ] GC(28) Age table with threshold 2 (max threshold 15)
[2024-01-29T08:39:18.842+0000][67][trace][gc,age      ] GC(28) - age   1:    4921112 bytes,    4921112 total
[2024-01-29T08:39:18.843+0000][67][trace][gc,age      ] GC(28) - age   2:    8671784 bytes,   13592896 total
[2024-01-29T08:39:18.843+0000][67][info ][gc,heap     ] GC(28) Eden regions: 31->0(31)
[2024-01-29T08:39:18.843+0000][67][info ][gc,heap     ] GC(28) Survivor regions: 5->4(5)
[2024-01-29T08:39:18.843+0000][67][info ][gc,heap     ] GC(28) Old regions: 16->18
[2024-01-29T08:39:18.843+0000][67][info ][gc,heap     ] GC(28) Humongous regions: 0->0
[2024-01-29T08:39:18.844+0000][67][info ][gc,metaspace] GC(28) Metaspace: 124165K(127680K)->124165K(127680K) NonClass: 107049K(108864K)->107049K(108864K) Class: 17115K(18816K)->17115K(18816K)
[2024-01-29T08:39:18.844+0000][67][info ][gc          ] GC(28) Pause Young (Prepare Mixed) (G1 Evacuation Pause) 205M->86M(256M) 18.437ms
[2024-01-29T08:39:18.844+0000][67][info ][gc,cpu      ] GC(28) User=0.07s Sys=0.00s Real=0.02s
[2024-01-29T08:39:18.844+0000][67][info ][safepoint   ] Safepoint "G1CollectForAllocation", Time since last: 47157526 ns, Reaching safepoint: 15229 ns, Cleanup: 25241 ns, At safepoint: 18870445 ns, Total: 18910915 ns
[2024-01-29T08:39:19.846+0000][67][info ][safepoint   ] Safepoint "Cleanup", Time since last: 1001874182 ns, Reaching safepoint: 28412 ns, Cleanup: 150234 ns, At safepoint: 44342 ns, Total: 222988 ns
[2024-01-29T08:39:20.849+0000][67][info ][safepoint   ] Safepoint "Cleanup", Time since last: 1002923496 ns, Reaching safepoint: 26661 ns, Cleanup: 177098 ns, At safepoint: 8844 ns, Total: 212603 ns
[2024-01-29T08:39:21.852+0000][67][info ][safepoint   ] Safepoint "Cleanup", Time since last: 1002862775 ns, Reaching safepoint: 28501 ns, Cleanup: 21147 ns, At safepoint: 4035 ns, Total: 53683 ns
[2024-01-29T08:39:24.864+0000][67][info ][safepoint   ] Safepoint "Cleanup", Time since last: 3012154357 ns, Reaching safepoint: 23569 ns, Cleanup: 22786 ns, At safepoint: 5665 ns, Total: 52020 ns
[2024-01-29T08:39:26.474+0000][67][info ][safepoint   ] Safepoint "Cleanup", Time since last: 1609742129 ns, Reaching safepoint: 21197 ns, Cleanup: 66763 ns, At safepoint: 3916 ns, Total: 91876 ns
[2024-01-29T08:39:31.480+0000][67][info ][safepoint   ] Safepoint "Cleanup", Time since last: 5005844193 ns, Reaching safepoint: 25260 ns, Cleanup: 16379 ns, At safepoint: 4988 ns, Total: 46627 ns
[2024-01-29T08:39:35.486+0000][67][info ][safepoint   ] Safepoint "Cleanup", Time since last: 4005883710 ns, Reaching safepoint: 8185 ns, Cleanup: 35039 ns, At safepoint: 2727 ns, Total: 45951 ns
[2024-01-29T08:39:37.314+0000][67][info ][gc,heap,exit] Heap
[2024-01-29T08:39:37.314+0000][67][info ][gc,heap,exit]  garbage-first heap   total 262144K, used 155289K [0x00000000f0000000, 0x0000000100000000)
[2024-01-29T08:39:37.315+0000][67][info ][gc,heap,exit]   region size 4096K, 21 young (86016K), 4 survivors (16384K)
[2024-01-29T08:39:37.315+0000][67][info ][gc,heap,exit]  Metaspace       used 126736K, committed 130368K, reserved 1179648K
[2024-01-29T08:39:37.315+0000][67][info ][gc,heap,exit]   class space    used 17453K, committed 19200K, reserved 1048576K
