[2024-01-29T08:38:58.577+0000][30][info][gc,init] CardTable entry size: 512
[2024-01-29T08:38:58.578+0000][30][info][gc     ] Using G1
[2024-01-29T08:38:58.582+0000][30][info][gc,init] Version: 21.0.1+12-29 (release)
[2024-01-29T08:38:58.583+0000][30][info][gc,init] CPUs: 8 total, 8 available
[2024-01-29T08:38:58.584+0000][30][info][gc,init] Memory: 5252M
[2024-01-29T08:38:58.585+0000][30][info][gc,init] Large Page Support: Disabled
[2024-01-29T08:38:58.585+0000][30][info][gc,init] NUMA Support: Disabled
[2024-01-29T08:38:58.586+0000][30][info][gc,init] Compressed Oops: Enabled (32-bit)
[2024-01-29T08:38:58.587+0000][30][info][gc,init] Heap Region Size: 1M
[2024-01-29T08:38:58.587+0000][30][info][gc,init] Heap Min Capacity: 256M
[2024-01-29T08:38:58.587+0000][30][info][gc,init] Heap Initial Capacity: 256M
[2024-01-29T08:38:58.588+0000][30][info][gc,init] Heap Max Capacity: 256M
[2024-01-29T08:38:58.588+0000][30][info][gc,init] Pre-touch: Disabled
[2024-01-29T08:38:58.588+0000][30][info][gc,init] Parallel Workers: 8
[2024-01-29T08:38:58.588+0000][30][info][gc,init] Concurrent Workers: 2
[2024-01-29T08:38:58.589+0000][30][info][gc,init] Concurrent Refinement Workers: 8
[2024-01-29T08:38:58.589+0000][30][info][gc,init] Periodic GC: Disabled
[2024-01-29T08:38:58.597+0000][30][info][gc,metaspace] CDS archive(s) mapped at: [0x00007f6263000000-0x00007f6263ca5000-0x00007f6263ca5000), size 13258752, SharedBaseAddress: 0x00007f6263000000, ArchiveRelocationMode: 1.
[2024-01-29T08:38:58.598+0000][30][info][gc,metaspace] Compressed class space mapped at: 0x00007f6264000000-0x00007f62a4000000, reserved size: 1073741824
[2024-01-29T08:38:58.599+0000][30][info][gc,metaspace] Narrow klass base: 0x00007f6263000000, Narrow klass shift: 0, Narrow klass range: 0x100000000
[2024-01-29T08:38:58.690+0000][30][info][gc,heap,exit] Heap
[2024-01-29T08:38:58.690+0000][30][info][gc,heap,exit]  garbage-first heap   total 262144K, used 3021K [0x00000000f0000000, 0x0000000100000000)
[2024-01-29T08:38:58.690+0000][30][info][gc,heap,exit]   region size 1024K, 2 young (2048K), 0 survivors (0K)
[2024-01-29T08:38:58.691+0000][30][info][gc,heap,exit]  Metaspace       used 219K, committed 448K, reserved 1114112K
[2024-01-29T08:38:58.691+0000][30][info][gc,heap,exit]   class space    used 5K, committed 128K, reserved 1048576K
